Archive member included because of file (symbol)

board/ray2410/libray2410.a(lowlevel_init.o)
                              cpu/arm920t/start.o (lowlevel_init)
cpu/arm920t/libarm920t.a(interrupts.o)
                              cpu/arm920t/start.o (do_undefined_instruction)
cpu/arm920t/s3c24x0/libs3c24x0.a(interrupts.o)
                              cpu/arm920t/libarm920t.a(interrupts.o) (reset_cpu)
cpu/arm920t/s3c24x0/libs3c24x0.a(speed.o)
                              cpu/arm920t/s3c24x0/libs3c24x0.a(interrupts.o) (get_PCLK)
lib_arm/libarm.a(_udivsi3.o)  cpu/arm920t/s3c24x0/libs3c24x0.a(interrupts.o) (__udivsi3)
lib_arm/libarm.a(board.o)     cpu/arm920t/s3c24x0/libs3c24x0.a(speed.o) (hang)
lib_arm/libarm.a(div0.o)      lib_arm/libarm.a(_udivsi3.o) (__div0)
net/libnet.a(net.o)           lib_arm/libarm.a(board.o) (copy_filename)
net/libnet.a(tftp.o)          net/libnet.a(net.o) (TftpStart)
net/libnet.a(bootp.o)         net/libnet.a(net.o) (BootpRequest)
net/libnet.a(rarp.o)          net/libnet.a(net.o) (RarpRequest)
net/libnet.a(eth.o)           lib_arm/libarm.a(board.o) (eth_initialize)
net/libnet.a(nfs.o)           net/libnet.a(net.o) (NfsStart)
drivers/libdrivers.a(cs8900.o)
                              lib_arm/libarm.a(board.o) (cs8900_get_enetaddr)
drivers/nand/libnand.a(nand.o)
                              lib_arm/libarm.a(board.o) (nand_init)
drivers/nand/libnand.a(nand_base.o)
                              drivers/nand/libnand.a(nand.o) (nand_scan)
drivers/nand/libnand.a(nand_ids.o)
                              drivers/nand/libnand.a(nand_base.o) (nand_manuf_ids)
drivers/nand/libnand.a(nand_ecc.o)
                              drivers/nand/libnand.a(nand_base.o) (nand_calculate_ecc)
drivers/nand/libnand.a(nand_bbt.o)
                              drivers/nand/libnand.a(nand_base.o) (nand_update_bbt)
common/libcommon.a(main.o)    lib_arm/libarm.a(board.o) (main_loop)
common/libcommon.a(cmd_autoscript.o)
                              (__u_boot_cmd_autoscr)
common/libcommon.a(cmd_bdinfo.o)
                              (__u_boot_cmd_bdinfo)
common/libcommon.a(cmd_boot.o)
                              (__u_boot_cmd_reset)
common/libcommon.a(cmd_bootm.o)
                              (__u_boot_cmd_imls)
common/libcommon.a(cmd_cache.o)
                              (__u_boot_cmd_dcache)
common/libcommon.a(cmd_console.o)
                              (__u_boot_cmd_coninfo)
common/libcommon.a(cmd_date.o)
                              (__u_boot_cmd_date)
common/libcommon.a(cmd_elf.o)
                              (__u_boot_cmd_bootvx)
common/libcommon.a(cmd_flash.o)
                              (__u_boot_cmd_protect)
common/libcommon.a(cmd_itest.o)
                              (__u_boot_cmd_itest)
common/libcommon.a(cmd_load.o)
                              (__u_boot_cmd_loady)
common/libcommon.a(cmd_mem.o)
                              (__u_boot_cmd_mtest)
common/libcommon.a(cmd_misc.o)
                              (__u_boot_cmd_sleep)
common/libcommon.a(cmd_nand.o)
                              (__u_boot_cmd_nboot)
common/libcommon.a(cmd_net.o)
                              (__u_boot_cmd_ping)
common/libcommon.a(cmd_nvedit.o)
                              (__u_boot_cmd_run)
common/libcommon.a(command.o)
                              (__u_boot_cmd_question_mark)
common/libcommon.a(console.o)
                              cpu/arm920t/libarm920t.a(interrupts.o) (printf)
common/libcommon.a(devices.o)
                              common/libcommon.a(cmd_console.o) (stdio_names)
common/libcommon.a(dlmalloc.o)
                              drivers/nand/libnand.a(nand_base.o) (free)
common/libcommon.a(env_common.o)
                              common/libcommon.a(cmd_nvedit.o) (env_get_char)
common/libcommon.a(env_nand.o)
                              common/libcommon.a(env_common.o) (env_ptr)
common/libcommon.a(exports.o)
                              lib_arm/libarm.a(board.o) (jumptable_init)
common/libcommon.a(flash.o)   common/libcommon.a(cmd_load.o) (addr2info)
common/libcommon.a(lists.o)   common/libcommon.a(devices.o) (ListCreate)
common/libcommon.a(s_record.o)
                              common/libcommon.a(cmd_load.o) (srec_decode)
common/libcommon.a(xyzModem.o)
                              common/libcommon.a(cmd_load.o) (xyzModem_stream_open)
common/libcommon.a(partition.o)
                              (__u_boot_cmd_partinfo)
common/libcommon.a(crc16.o)   common/libcommon.a(xyzModem.o) (cyg_crc16)
lib_generic/libgeneric.a(crc32.o)
                              common/libcommon.a(cmd_autoscript.o) (crc32)
lib_generic/libgeneric.a(display_options.o)
                              lib_arm/libarm.a(board.o) (print_size)
lib_generic/libgeneric.a(string.o)
                              net/libnet.a(net.o) (strcpy)
lib_generic/libgeneric.a(vsprintf.o)
                              lib_arm/libarm.a(board.o) (simple_strtoul)
lib_generic/libgeneric.a(zlib.o)
                              common/libcommon.a(cmd_bootm.o) (inflateEnd)
lib_generic/libgeneric.a(ctype.o)
                              lib_generic/libgeneric.a(vsprintf.o) (_ctype)
board/ray2410/libray2410.a(ray2410.o)
                              lib_arm/libarm.a(board.o) (board_init)
board/ray2410/libray2410.a(flash.o)
                              lib_arm/libarm.a(board.o) (flash_init)
cpu/arm920t/libarm920t.a(cpu.o)
                              lib_arm/libarm.a(board.o) (cpu_init)
cpu/arm920t/s3c24x0/libs3c24x0.a(serial.o)
                              common/libcommon.a(cmd_load.o) (serial_setbrg)
cpu/arm920t/s3c24x0/libs3c24x0.a(nand_flash.o)
                              drivers/nand/libnand.a(nand.o) (board_nand_init)
lib_arm/libarm.a(_ashldi3.o)  drivers/nand/libnand.a(nand_base.o) (__ashldi3)
lib_arm/libarm.a(_ashrdi3.o)  drivers/nand/libnand.a(nand_base.o) (__ashrdi3)
lib_arm/libarm.a(_divsi3.o)   common/libcommon.a(cmd_date.o) (__divsi3)
lib_arm/libarm.a(_modsi3.o)   net/libnet.a(nfs.o) (__modsi3)
lib_arm/libarm.a(_umodsi3.o)  net/libnet.a(tftp.o) (__umodsi3)
lib_arm/libarm.a(armlinux.o)  common/libcommon.a(cmd_bootm.o) (do_bootm_linux)
lib_arm/libarm.a(cache.o)     common/libcommon.a(cmd_elf.o) (flush_cache)
rtc/librtc.a(date.o)          common/libcommon.a(cmd_date.o) (GregorianDay)
rtc/librtc.a(s3c24x0_rtc.o)   common/libcommon.a(cmd_date.o) (rtc_get)
drivers/nand/libnand.a(nand_util.o)
                              common/libcommon.a(cmd_nand.o) (nand_erase_opts)
/opt/arm/bin/../lib/gcc/arm-linux/3.4.5/libgcc.a(_udivdi3.oS)
                              drivers/nand/libnand.a(nand_util.o) (__udivdi3)
/opt/arm/bin/../lib/gcc/arm-linux/3.4.5/libgcc.a(_clz.oS)
                              /opt/arm/bin/../lib/gcc/arm-linux/3.4.5/libgcc.a(_udivdi3.oS) (__clz_tab)

Memory Configuration

Name             Origin             Length             Attributes
*default*        0x00000000         0xffffffff

Linker script and memory map

                0x00000000                . = 0x0
                0x00000000                . = ALIGN (0x4)

.text           0x33f80000    0x194a8
 cpu/arm920t/start.o(.text)
 .text          0x33f80000      0x3e0 cpu/arm920t/start.o
                0x33f80000                _start
                0x33f80044                _armboot_start
                0x33f80048                _bss_start
                0x33f8004c                _bss_end
 board/ray2410/boot_init.o(.text)
 .text          0x33f803e0      0x1ec board/ray2410/boot_init.o
                0x33f80480                nand_init_ll
                0x33f80590                CopyCode2Ram
                0x33f803e0                ray_turn_on_led
                0x33f804ac                nand_read_ll
 *(.text)
 .text          0x33f805cc       0x64 board/ray2410/libray2410.a(lowlevel_init.o)
                0x33f805d0                lowlevel_init
 .text          0x33f80630      0x260 cpu/arm920t/libarm920t.a(interrupts.o)
                0x33f8086c                do_irq
                0x33f80794                do_undefined_instruction
                0x33f80848                do_fiq
                0x33f8063c                bad_mode
                0x33f80630                enable_interrupts
                0x33f80658                show_regs
                0x33f80634                disable_interrupts
                0x33f807dc                do_prefetch_abort
                0x33f807b8                do_software_interrupt
                0x33f80800                do_data_abort
                0x33f80824                do_not_used
 .text          0x33f80890      0x25c cpu/arm920t/s3c24x0/libs3c24x0.a(interrupts.o)
                0x33f80a30                udelay_masked
                0x33f80910                reset_timer_masked
                0x33f80acc                reset_cpu
                0x33f80ac0                get_tbclk
                0x33f80aac                get_ticks
                0x33f80890                interrupt_init
                0x33f80940                reset_timer
                0x33f809d4                udelay
                0x33f809c4                set_timer
                0x33f80944                get_timer_masked
                0x33f809b0                get_timer
 .text          0x33f80aec       0xc0 cpu/arm920t/s3c24x0/libs3c24x0.a(speed.o)
                0x33f80b7c                get_PCLK
                0x33f80ba4                get_UCLK
                0x33f80b54                get_HCLK
                0x33f80b4c                get_FCLK
 .text          0x33f80bac       0x98 lib_arm/libarm.a(_udivsi3.o)
                0x33f80bac                __udivsi3
 .text          0x33f80c44      0x310 lib_arm/libarm.a(board.o)
                0x33f80c44                sbrk
                0x33f80d3c                start_armboot
                0x33f80d2c                hang
 .text          0x33f80f54        0x4 lib_arm/libarm.a(div0.o)
                0x33f80f54                __div0
 .text          0x33f80f58     0x14f8 net/libnet.a(net.o)
                0x33f81fcc                getenv_VLAN
                0x33f811ac                NetSetHandler
                0x33f812c8                NetCksum
                0x33f815bc                PingSend
                0x33f81f18                VLAN_to_string
                0x33f818e0                NetReceive
                0x33f81454                NetSendUDPPacket
                0x33f81314                NetSetIP
                0x33f81810                copy_filename
                0x33f80f58                NetSetEther
                0x33f81018                ArpRequest
                0x33f81fe4                NetLoop
                0x33f8123c                ArpTimeoutCheck
                0x33f812c4                NetSendPacket
                0x33f818bc                print_IPaddr
                0x33f81f74                string_to_VLAN
                0x33f817a8                NetCksumOk
                0x33f81864                ip_to_string
                0x33f81e88                string_to_ip
                0x33f817cc                NetEthHdrSize
                0x33f811bc                NetStartAgain
                0x33f81f08                getenv_IPaddr
                0x33f81170                NetSetTimeout
 .text          0x33f82450      0x6b8 net/libnet.a(tftp.o)
                0x33f828e4                TftpStart
 .text          0x33f82b08      0x65c net/libnet.a(bootp.o)
                0x33f82eb8                BootpRequest
 .text          0x33f83164      0x1a0 net/libnet.a(rarp.o)
                0x33f831bc                RarpRequest
 .text          0x33f83304        0x8 net/libnet.a(eth.o)
                0x33f83304                eth_initialize
 .text          0x33f8330c      0xef0 net/libnet.a(nfs.o)
                0x33f83fa0                NfsStart
 .text          0x33f841fc      0x5a8 drivers/libdrivers.a(cs8900.o)
                0x33f84344                cs8900_get_enetaddr
                0x33f8452c                eth_init
                0x33f84630                eth_send
                0x33f84718                cs8900_e2prom_read
                0x33f8450c                eth_halt
                0x33f845b0                eth_rx
                0x33f8474c                cs8900_e2prom_write
 .text          0x33f847a4       0x94 drivers/nand/libnand.a(nand.o)
                0x33f847a4                nand_init
 .text          0x33f84838     0x29f4 drivers/nand/libnand.a(nand_base.o)
                0x33f867d4                nand_scan
                0x33f85c18                nand_read_raw
                0x33f871f0                nand_release
                0x33f86544                nand_erase_nand
 .text          0x33f8722c      0x298 drivers/nand/libnand.a(nand_ecc.o)
                0x33f8722c                nand_calculate_ecc
                0x33f87340                nand_correct_data
 .text          0x33f874c4     0x15ec drivers/nand/libnand.a(nand_bbt.o)
                0x33f88a48                nand_isbad_bbt
                0x33f88974                nand_default_bbt
                0x33f8851c                nand_scan_bbt
                0x33f88228                nand_update_bbt
 .text          0x33f88ab0      0x8f8 common/libcommon.a(main.o)
                0x33f88d68                run_command
                0x33f8932c                do_run
                0x33f88b8c                readline
                0x33f891b8                main_loop
 .text          0x33f893a8      0x260 common/libcommon.a(cmd_autoscript.o)
                0x33f893a8                autoscript
                0x33f895c8                do_autoscript
 .text          0x33f89608       0xe4 common/libcommon.a(cmd_bdinfo.o)
                0x33f8961c                do_bdinfo
 .text          0x33f896ec       0x88 common/libcommon.a(cmd_boot.o)
                0x33f896ec                do_go
 .text          0x33f89774      0xffc common/libcommon.a(cmd_bootm.o)
                0x33f89eb4                do_iminfo
                0x33f8a08c                do_bootm
                0x33f89774                do_bootd
                0x33f89f30                gunzip
                0x33f89798                print_image_hdr
 .text          0x33f8a770      0x154 common/libcommon.a(cmd_cache.o)
                0x33f8a83c                do_icache
                0x33f8a7b4                do_dcache
 .text          0x33f8a8c4       0xd8 common/libcommon.a(cmd_console.o)
                0x33f8a8c4                do_coninfo
 .text          0x33f8a99c      0x33c common/libcommon.a(cmd_date.o)
                0x33f8abcc                do_date
                0x33f8a9e4                mk_date
 .text          0x33f8acd8      0x394 common/libcommon.a(cmd_elf.o)
                0x33f8ae48                do_bootvx
                0x33f8afc4                do_bootelf
                0x33f8ad2c                load_elf_image
                0x33f8acd8                valid_elf_image
 .text          0x33f8b06c      0xb94 common/libcommon.a(cmd_flash.o)
                0x33f8b5d0                flash_sect_erase
                0x33f8b954                do_protect
                0x33f8b538                do_flinfo
                0x33f8b6b4                do_flerase
                0x33f8b864                flash_sect_protect
 .text          0x33f8bc00      0x2f0 common/libcommon.a(cmd_itest.o)
                0x33f8bc68                binary_test
                0x33f8be44                do_itest
 .text          0x33f8bef0      0xe4c common/libcommon.a(cmd_load.o)
                0x33f8c1e4                send_pad
                0x33f8c4dc                k_data_char
                0x33f8c3ec                k_data_init
                0x33f8c30c                send_nack
                0x33f8c784                do_load_serial_bin
                0x33f8c478                k_data_restore
                0x33f8c414                k_data_save
                0x33f8c220                ktrans
                0x33f8bef0                do_load_serial
                0x33f8c24c                chk1
                0x33f8c2a8                send_ack
                0x33f8c550                handle_send_packet
                0x33f8c27c                s1_sendpacket
 .text          0x33f8cd3c      0xb28 common/libcommon.a(cmd_mem.o)
                0x33f8d090                do_mem_cmp
                0x33f8d24c                do_mem_cp
                0x33f8cdb0                do_mem_md
                0x33f8d7ac                do_mem_crc
                0x33f8d784                do_mem_mm
                0x33f8d380                do_mem_base
                0x33f8d75c                do_mem_nm
                0x33f8cfc4                do_mem_mw
                0x33f8d3c4                do_mem_loop
                0x33f8cd3c                cmd_get_data_size
                0x33f8d4c8                do_mem_mtest
 .text          0x33f8d864       0x9c common/libcommon.a(cmd_misc.o)
                0x33f8d864                do_sleep
 .text          0x33f8d900      0xebc common/libcommon.a(cmd_nand.o)
                0x33f8da20                do_nand
                0x33f8e54c                do_nandboot
 .text          0x33f8e7bc      0x388 common/libcommon.a(cmd_net.o)
                0x33f8ea88                do_rarpb
                0x33f8eaa0                do_bootp
                0x33f8eaac                do_ping
                0x33f8ea94                do_tftpb
                0x33f8ea7c                do_nfs
 .text          0x33f8eb44      0x8b8 common/libcommon.a(cmd_nvedit.o)
                0x33f8f290                getenv
                0x33f8f218                setenv
                0x33f8ed74                _do_setenv
                0x33f8ebb8                do_printenv
                0x33f8f250                do_setenv
                0x33f8f3d0                do_saveenv
                0x33f8f30c                getenv_r
 .text          0x33f8f3fc      0x308 common/libcommon.a(command.o)
                0x33f8f49c                find_cmd
                0x33f8f41c                do_echo
                0x33f8f3fc                do_version
                0x33f8f544                do_help
 .text          0x33f8f704      0x570 common/libcommon.a(console.o)
                0x33f8fad8                console_init_f
                0x33f8f7ac                serial_printf
                0x33f8fa18                had_ctrlc
                0x33f8f9a8                ctrlc
                0x33f8fae8                console_init_r
                0x33f8fa28                clear_ctrlc
                0x33f8f7e4                fgetc
                0x33f8f97c                vprintf
                0x33f8f834                fputc
                0x33f8fa00                disable_ctrlc
                0x33f8f864                fputs
                0x33f8f890                fprintf
                0x33f8fa3c                dbg
                0x33f8fa48                console_assign
                0x33f8f8e8                tstc
                0x33f8f8d0                getc
                0x33f8f944                printf
                0x33f8f928                puts
                0x33f8f900                putc
                0x33f8f80c                ftstc
 .text          0x33f8fc74       0xf0 common/libcommon.a(devices.o)
                0x33f8fc74                device_register
                0x33f8fc98                devices_init
                0x33f8fd48                devices_done
 .text          0x33f8fd64     0x108c common/libcommon.a(dlmalloc.o)
                0x33f90d38                malloc_usable_size
                0x33f8fd98                malloc_trim
                0x33f90c64                calloc
                0x33f906c8                realloc
                0x33f90084                malloc
                0x33f8fd64                malloc_bin_reloc
                0x33f90b30                memalign
                0x33f90d78                mallopt
                0x33f90d34                cfree
                0x33f90c4c                pvalloc
                0x33f8fe70                free
                0x33f90c40                valloc
 .text          0x33f90df0      0x124 common/libcommon.a(env_common.o)
                0x33f90e44                env_get_char_memory
                0x33f90e84                env_relocate
                0x33f90e64                env_get_addr
                0x33f90df0                env_crc_update
 .text          0x33f90f14      0x204 common/libcommon.a(env_nand.o)
                0x33f90f3c                saveenv
                0x33f91090                env_relocate_spec
                0x33f90f14                env_get_char_spec
                0x33f90f20                env_init
 .text          0x33f91118       0xc0 common/libcommon.a(exports.o)
                0x33f91124                jumptable_init
                0x33f9111c                get_version
 .text          0x33f911d8      0x3b8 common/libcommon.a(flash.o)
                0x33f914b0                flash_perror
                0x33f912e0                addr2info
                0x33f911d8                flash_protect
                0x33f91328                flash_write
 .text          0x33f91590      0x3c8 common/libcommon.a(lists.o)
                0x33f916e8                ListSetAllocationPolicy
                0x33f91700                ListInsertItems
                0x33f915f0                DisposeHandle
                0x33f91618                SetHandleSize
                0x33f91934                ListGetDataPtr
                0x33f918bc                ListGetItems
                0x33f91940                ListGetItemSize
                0x33f91688                ListCreate
                0x33f91904                ListGetPtrToItem
                0x33f916fc                ListDispose
                0x33f9194c                ListNumItems
                0x33f918b4                ListInsertItem
                0x33f91610                GetHandleSize
                0x33f91590                NewHandle
 .text          0x33f91958      0x2f8 common/libcommon.a(s_record.o)
                0x33f919cc                srec_decode
 .text          0x33f91c50      0xa98 common/libcommon.a(xyzModem.o)
                0x33f9264c                xyzModem_error
                0x33f91cb8                parse_num
                0x33f92274                xyzModem_stream_read
                0x33f92100                xyzModem_stream_open
                0x33f91c50                CYGACC_COMM_IF_GETC_TIMEOUT
                0x33f91cac                CYGACC_COMM_IF_PUTC
                0x33f92574                xyzModem_stream_terminate
                0x33f9251c                xyzModem_stream_close
 .text          0x33f926e8      0x6c8 common/libcommon.a(partition.o)
                0x33f92a2c                do_get_partinfo
                0x33f926e8                mtdpart_get_head_info
                0x33f92914                mtdpart_get_part_info
                0x33f92b68                mtdpart_init_part_table
                0x33f927fc                mtdpart_get_mtd_info
 .text          0x33f92db0       0x4c common/libcommon.a(crc16.o)
                0x33f92db0                cyg_crc16
 .text          0x33f92dfc      0x1f0 lib_generic/libgeneric.a(crc32.o)
                0x33f92ef8                crc32_no_comp
                0x33f92dfc                crc32
 .text          0x33f92fec       0xb4 lib_generic/libgeneric.a(display_options.o)
                0x33f9300c                print_size
                0x33f92fec                display_options
 .text          0x33f930a0      0x5a0 lib_generic/libgeneric.a(string.o)
                0x33f934c8                memcpy
                0x33f9349c                bcopy
                0x33f932c0                strspn
                0x33f930e0                strcat
                0x33f93218                strrchr
                0x33f9317c                strncmp
                0x33f931f4                strlen
                0x33f934f0                memmove
                0x33f933e4                strsep
                0x33f9310c                strncat
                0x33f93360                strtok
                0x33f930bc                strncpy
                0x33f93478                memset
                0x33f93550                memcmp
                0x33f93250                strnlen
                0x33f93610                memchr
                0x33f935a8                strstr
                0x33f9314c                strcmp
                0x33f9341c                strswab
                0x33f93320                strpbrk
                0x33f931c4                strchr
                0x33f93584                memscan
                0x33f93288                strdup
                0x33f930a0                strcpy
 .text          0x33f93640      0x7a4 lib_generic/libgeneric.a(vsprintf.o)
                0x33f936f4                simple_strtol
                0x33f93994                vsprintf
                0x33f93d7c                sprintf
                0x33f93640                simple_strtoul
                0x33f93d9c                panic
 .text          0x33f93de4     0x2be8 lib_generic/libgeneric.a(zlib.o)
                0x33f93fb4                inflateReset
                0x33f93f14                inflateEnd
                0x33f94288                inflateInit
                0x33f94bb0                inflate
                0x33f942e0                inflateIncomp
                0x33f9401c                inflateSync
                0x33f94128                inflateInit2
                0x33f96858                adler32
 .text          0x33f969cc      0x200 board/ray2410/libray2410.a(ray2410.o)
                0x33f96adc                dram_init
                0x33f969cc                board_init
                0x33f96afc                set_device_part
 .text          0x33f96bcc      0x6bc board/ray2410/libray2410.a(flash.o)
                0x33f96bcc                flash_init
                0x33f970fc                write_buff
                0x33f96dd8                flash_erase
                0x33f96cc4                flash_print_info
 .text          0x33f97288      0x118 cpu/arm920t/libarm920t.a(cpu.o)
                0x33f97340                icache_status
                0x33f97308                icache_enable
                0x33f97324                icache_disable
                0x33f97354                dcache_enable
                0x33f972c8                cleanup_before_linux
                0x33f972f0                do_reset
                0x33f972c0                cpu_init
                0x33f97370                dcache_disable
                0x33f9738c                dcache_status
 .text          0x33f973a0       0xdc cpu/arm920t/s3c24x0/libs3c24x0.a(serial.o)
                0x33f97444                serial_tstc
                0x33f97454                serial_puts
                0x33f973f4                serial_init
                0x33f9741c                serial_putc
                0x33f97404                serial_getc
                0x33f973a0                serial_setbrg
 .text          0x33f9747c       0xe4 cpu/arm920t/s3c24x0/libs3c24x0.a(nand_flash.o)
                0x33f97510                board_nand_init
 .text          0x33f97560       0x1c lib_arm/libarm.a(_ashldi3.o)
                0x33f97560                __ashldi3
 .text          0x33f9757c       0x1c lib_arm/libarm.a(_ashrdi3.o)
                0x33f9757c                __ashrdi3
 *fill*         0x33f97598        0x8 00
 .text          0x33f975a0      0x140 lib_arm/libarm.a(_divsi3.o)
                0x33f975a0                __divsi3
 .text          0x33f976e0      0x100 lib_arm/libarm.a(_modsi3.o)
                0x33f976e0                __modsi3
 .text          0x33f977e0       0xb4 lib_arm/libarm.a(_umodsi3.o)
                0x33f977e0                __umodsi3
 .text          0x33f97894      0x3b8 lib_arm/libarm.a(armlinux.o)
                0x33f97894                do_bootm_linux
 .text          0x33f97c4c        0x4 lib_arm/libarm.a(cache.o)
                0x33f97c4c                flush_cache
 .text          0x33f97c50      0x2b8 rtc/librtc.a(date.o)
                0x33f97c50                GregorianDay
                0x33f97e68                mktime
                0x33f97d40                to_tm
 .text          0x33f97f08      0x214 rtc/librtc.a(s3c24x0_rtc.o)
                0x33f98040                rtc_set
                0x33f97f54                rtc_get
                0x33f980f8                rtc_reset
 .text          0x33f9811c      0xe48 drivers/nand/libnand.a(nand_util.o)
                0x33f989b4                nand_read_opts
                0x33f98e34                nand_unlock
                0x33f98da8                nand_get_lock_status
                0x33f98124                nand_erase_opts
                0x33f984b4                nand_write_opts
                0x33f98d34                nand_lock
 .text          0x33f98f64      0x544 /opt/arm/bin/../lib/gcc/arm-linux/3.4.5/libgcc.a(_udivdi3.oS)
                0x33f98f64                __udivdi3

.glue_7         0x33f994a8        0x0

.glue_7t        0x33f994a8        0x0
                0x33f994a8                . = ALIGN (0x4)

.rodata         0x33f994a8      0x9a4
 *(.rodata)
 .rodata        0x33f994a8       0x80 cpu/arm920t/libarm920t.a(interrupts.o)
 .rodata        0x33f99528       0x2c lib_arm/libarm.a(board.o)
                0x33f99528                version_string
 .rodata        0x33f99554        0x8 net/libnet.a(net.o)
 .rodata        0x33f9955c        0x8 drivers/libdrivers.a(cs8900.o)
 .rodata        0x33f99564        0x8 drivers/nand/libnand.a(nand.o)
 .rodata        0x33f9956c       0x14 drivers/nand/libnand.a(nand_base.o)
 .rodata        0x33f99580      0x100 drivers/nand/libnand.a(nand_ecc.o)
 .rodata        0x33f99680       0x14 common/libcommon.a(cmd_nvedit.o)
 .rodata        0x33f99694       0x70 common/libcommon.a(partition.o)
 .rodata        0x33f99704      0x200 common/libcommon.a(crc16.o)
 .rodata        0x33f99904      0x400 lib_generic/libgeneric.a(crc32.o)
 .rodata        0x33f99d04       0x18 cpu/arm920t/s3c24x0/libs3c24x0.a(nand_flash.o)
 .rodata        0x33f99d1c       0x30 rtc/librtc.a(date.o)
 .rodata        0x33f99d4c      0x100 /opt/arm/bin/../lib/gcc/arm-linux/3.4.5/libgcc.a(_clz.oS)
                0x33f99d4c                __clz_tab

.rodata.str1.4  0x33f99e4c     0x58af
 .rodata.str1.4
                0x33f99e4c      0x293 cpu/arm920t/libarm920t.a(interrupts.o)
                                0x29c (size before relaxing)
 *fill*         0x33f9a0df        0x1 00
 .rodata.str1.4
                0x33f9a0e0       0x7d lib_arm/libarm.a(board.o)
                                 0x84 (size before relaxing)
 *fill*         0x33f9a15d        0x3 00
 .rodata.str1.4
                0x33f9a160      0x1ed net/libnet.a(net.o)
                                0x1f0 (size before relaxing)
 *fill*         0x33f9a34d        0x3 00
 .rodata.str1.4
                0x33f9a350      0x1c7 net/libnet.a(tftp.o)
                                0x1d4 (size before relaxing)
 *fill*         0x33f9a517        0x1 00
 .rodata.str1.4
                0x33f9a518       0x84 net/libnet.a(bootp.o)
                                 0xb8 (size before relaxing)
 .rodata.str1.4
                0x33f9a59c       0x13 net/libnet.a(rarp.o)
                                 0x4c (size before relaxing)
 *fill*         0x33f9a5af        0x1 00
 .rodata.str1.4
                0x33f9a5b0      0x101 net/libnet.a(nfs.o)
                                0x18c (size before relaxing)
 *fill*         0x33f9a6b1        0x3 00
 .rodata.str1.4
                0x33f9a6b4       0xd2 drivers/libdrivers.a(cs8900.o)
                                 0xdc (size before relaxing)
 *fill*         0x33f9a786        0x2 00
 .rodata.str1.4
                0x33f9a788        0x9 drivers/nand/libnand.a(nand.o)
                                  0xc (size before relaxing)
 *fill*         0x33f9a791        0x3 00
 .rodata.str1.4
                0x33f9a794      0x382 drivers/nand/libnand.a(nand_base.o)
                                0x384 (size before relaxing)
 *fill*         0x33f9ab16        0x2 00
 .rodata.str1.4
                0x33f9ab18      0x43a drivers/nand/libnand.a(nand_ids.o)
                                0x43c (size before relaxing)
 *fill*         0x33f9af52        0x2 00
 .rodata.str1.4
                0x33f9af54      0x308 drivers/nand/libnand.a(nand_bbt.o)
 .rodata.str1.4
                0x33f9b25c      0x100 common/libcommon.a(main.o)
 .rodata.str1.4
                0x33f9b35c       0xf6 common/libcommon.a(cmd_autoscript.o)
                                 0xf8 (size before relaxing)
 *fill*         0x33f9b452        0x2 00
 .rodata.str1.4
                0x33f9b454       0xbf common/libcommon.a(cmd_bdinfo.o)
                                 0xc0 (size before relaxing)
 *fill*         0x33f9b513        0x1 00
 .rodata.str1.4
                0x33f9b514      0x10b common/libcommon.a(cmd_boot.o)
                                0x118 (size before relaxing)
 *fill*         0x33f9b61f        0x1 00
 .rodata.str1.4
                0x33f9b620      0x8c5 common/libcommon.a(cmd_bootm.o)
                                0x908 (size before relaxing)
 *fill*         0x33f9bee5        0x3 00
 .rodata.str1.4
                0x33f9bee8      0x125 common/libcommon.a(cmd_cache.o)
                                0x13c (size before relaxing)
 *fill*         0x33f9c00d        0x3 00
 .rodata.str1.4
                0x33f9c010       0x70 common/libcommon.a(cmd_console.o)
                                 0x74 (size before relaxing)
 .rodata.str1.4
                0x33f9c080      0x16c common/libcommon.a(cmd_date.o)
                                0x180 (size before relaxing)
 .rodata.str1.4
                0x33f9c1ec      0x2d7 common/libcommon.a(cmd_elf.o)
                                0x2f0 (size before relaxing)
 *fill*         0x33f9c4c3        0x1 00
 .rodata.str1.4
                0x33f9c4c4      0x767 common/libcommon.a(cmd_flash.o)
                                0x780 (size before relaxing)
 *fill*         0x33f9cc2b        0x1 00
 .rodata.str1.4
                0x33f9cc2c       0xce common/libcommon.a(cmd_itest.o)
                                 0xdc (size before relaxing)
 *fill*         0x33f9ccfa        0x2 00
 .rodata.str1.4
                0x33f9ccfc      0x378 common/libcommon.a(cmd_load.o)
                                0x398 (size before relaxing)
 .rodata.str1.4
                0x33f9d074      0x629 common/libcommon.a(cmd_mem.o)
                                0x648 (size before relaxing)
 *fill*         0x33f9d69d        0x3 00
 .rodata.str1.4
                0x33f9d6a0       0x70 common/libcommon.a(cmd_misc.o)
                                 0x7c (size before relaxing)
 .rodata.str1.4
                0x33f9d710      0x8fd common/libcommon.a(cmd_nand.o)
                                0x93c (size before relaxing)
 *fill*         0x33f9e00d        0x3 00
 .rodata.str1.4
                0x33f9e010      0x22a common/libcommon.a(cmd_net.o)
                                0x27c (size before relaxing)
 *fill*         0x33f9e23a        0x2 00
 .rodata.str1.4
                0x33f9e23c      0x31d common/libcommon.a(cmd_nvedit.o)
                                0x3b0 (size before relaxing)
 *fill*         0x33f9e559        0x3 00
 .rodata.str1.4
                0x33f9e55c      0x27e common/libcommon.a(command.o)
                                0x280 (size before relaxing)
 *fill*         0x33f9e7da        0x2 00
 .rodata.str1.4
                0x33f9e7dc       0x75 common/libcommon.a(console.o)
                                 0x7c (size before relaxing)
 *fill*         0x33f9e851        0x3 00
 .rodata.str1.4
                0x33f9e854       0x2f common/libcommon.a(devices.o)
                                 0x48 (size before relaxing)
 *fill*         0x33f9e883        0x1 00
 .rodata.str1.4
                0x33f9e884       0x33 common/libcommon.a(env_common.o)
                                 0x34 (size before relaxing)
 *fill*         0x33f9e8b7        0x1 00
 .rodata.str1.4
                0x33f9e8b8       0x97 common/libcommon.a(env_nand.o)
                                 0xa0 (size before relaxing)
 *fill*         0x33f9e94f        0x1 00
 .rodata.str1.4
                0x33f9e950      0x11d common/libcommon.a(flash.o)
                                0x120 (size before relaxing)
 *fill*         0x33f9ea6d        0x3 00
 .rodata.str1.4
                0x33f9ea70       0xf2 common/libcommon.a(xyzModem.o)
                                 0xf8 (size before relaxing)
 *fill*         0x33f9eb62        0x2 00
 .rodata.str1.4
                0x33f9eb64      0x219 common/libcommon.a(partition.o)
                                0x21c (size before relaxing)
 *fill*         0x33f9ed7d        0x3 00
 .rodata.str1.4
                0x33f9ed80       0x17 lib_generic/libgeneric.a(display_options.o)
                                 0x20 (size before relaxing)
 *fill*         0x33f9ed97        0x1 00
 .rodata.str1.4
                0x33f9ed98       0x57 lib_generic/libgeneric.a(vsprintf.o)
                                 0x58 (size before relaxing)
 *fill*         0x33f9edef        0x1 00
 .rodata.str1.4
                0x33f9edf0      0x20d lib_generic/libgeneric.a(zlib.o)
                                0x214 (size before relaxing)
 *fill*         0x33f9effd        0x3 00
 .rodata.str1.4
                0x33f9f000       0x2f board/ray2410/libray2410.a(ray2410.o)
                                 0x30 (size before relaxing)
 *fill*         0x33f9f02f        0x1 00
 .rodata.str1.4
                0x33f9f030      0x101 board/ray2410/libray2410.a(flash.o)
                                0x108 (size before relaxing)
 *fill*         0x33f9f131        0x3 00
 .rodata.str1.4
                0x33f9f134       0x14 cpu/arm920t/s3c24x0/libs3c24x0.a(nand_flash.o)
 .rodata.str1.4
                0x33f9f148       0x5b lib_arm/libarm.a(armlinux.o)
                                 0xc4 (size before relaxing)
 *fill*         0x33f9f1a3        0x1 00
 .rodata.str1.4
                0x33f9f1a4      0x557 drivers/nand/libnand.a(nand_util.o)
                                0x55c (size before relaxing)
                0x33f9f6fc                . = ALIGN (0x4)

.data           0x33f9f6fc     0x1528
 *(.data)
 .data          0x33f9f6fc       0x2c lib_arm/libarm.a(board.o)
                0x33f9f6fc                init_sequence
 .data          0x33f9f728        0xa net/libnet.a(net.o)
                0x33f9f72a                NetOurVLAN
                0x33f9f728                NetOurNativeVLAN
                0x33f9f72c                NetBcastAddr
 *fill*         0x33f9f732        0x2 00
 .data          0x33f9f734        0x4 net/libnet.a(nfs.o)
 .data          0x33f9f738        0x4 drivers/nand/libnand.a(nand.o)
                0x33f9f738                nand_curr_device
 .data          0x33f9f73c      0x298 drivers/nand/libnand.a(nand_base.o)
 .data          0x33f9f9d4      0x548 drivers/nand/libnand.a(nand_ids.o)
                0x33f9f9d4                nand_manuf_ids
                0x33f9fa0c                nand_flash_ids
 .data          0x33f9ff1c      0x110 drivers/nand/libnand.a(nand_bbt.o)
 .data          0x33fa002c       0x10 common/libcommon.a(main.o)
 .data          0x33fa003c        0x4 common/libcommon.a(cmd_bootm.o)
                0x33fa003c                load_addr
 .data          0x33fa0040       0x1c common/libcommon.a(cmd_date.o)
                0x33fa0040                weekdays
 .data          0x33fa005c       0x68 common/libcommon.a(cmd_itest.o)
                0x33fa005c                op_table
 .data          0x33fa00c4        0x4 common/libcommon.a(cmd_load.o)
 .data          0x33fa00c8        0x4 common/libcommon.a(cmd_mem.o)
                0x33fa00c8                dp_last_length
 .data          0x33fa00cc        0xc common/libcommon.a(devices.o)
                0x33fa00cc                stdio_names
 .data          0x33fa00d8      0x414 common/libcommon.a(dlmalloc.o)
 .data          0x33fa04ec      0x10c common/libcommon.a(env_common.o)
                0x33fa04f0                default_environment
                0x33fa05f4                env_get_char
                0x33fa04ec                default_environment_size
 .data          0x33fa05f8        0x4 common/libcommon.a(env_nand.o)
                0x33fa05f8                env_name_spec
 .data          0x33fa05fc      0x2a0 lib_generic/libgeneric.a(zlib.o)
                0x33fa05fc                z_errmsg
                0x33fa061c                zlib_version
 .data          0x33fa089c      0x100 lib_generic/libgeneric.a(ctype.o)
                0x33fa089c                _ctype
 .data          0x33fa099c       0x30 rtc/librtc.a(date.o)
 .data          0x33fa09cc      0x258 drivers/nand/libnand.a(nand_util.o)

.got.plt        0x33fa0c24        0xc
 .got.plt       0x33fa0c24        0xc /opt/arm/bin/../lib/gcc/arm-linux/3.4.5/libgcc.a(_udivdi3.oS)
                0x33fa0c24                _GLOBAL_OFFSET_TABLE_
                0x33fa0c30                . = ALIGN (0x4)

.got            0x33fa0c30        0x4
 *(.got)
 .got           0x33fa0c30        0x4 /opt/arm/bin/../lib/gcc/arm-linux/3.4.5/libgcc.a(_udivdi3.oS)
                0x33fa0c34                . = .
                0x33fa0c34                __u_boot_cmd_start = .

.u_boot_cmd     0x33fa0c34      0x498
 *(.u_boot_cmd)
 .u_boot_cmd    0x33fa0c34       0x18 common/libcommon.a(cmd_autoscript.o)
                0x33fa0c34                __u_boot_cmd_autoscr
 .u_boot_cmd    0x33fa0c4c       0x18 common/libcommon.a(cmd_bdinfo.o)
                0x33fa0c4c                __u_boot_cmd_bdinfo
 .u_boot_cmd    0x33fa0c64       0x30 common/libcommon.a(cmd_boot.o)
                0x33fa0c64                __u_boot_cmd_reset
                0x33fa0c7c                __u_boot_cmd_go
 .u_boot_cmd    0x33fa0c94       0x78 common/libcommon.a(cmd_bootm.o)
                0x33fa0cf4                __u_boot_cmd_bootm
                0x33fa0cac                __u_boot_cmd_iminfo
                0x33fa0c94                __u_boot_cmd_imls
                0x33fa0cc4                __u_boot_cmd_bootd
                0x33fa0cdc                __u_boot_cmd_boot
 .u_boot_cmd    0x33fa0d0c       0x30 common/libcommon.a(cmd_cache.o)
                0x33fa0d0c                __u_boot_cmd_dcache
                0x33fa0d24                __u_boot_cmd_icache
 .u_boot_cmd    0x33fa0d3c       0x18 common/libcommon.a(cmd_console.o)
                0x33fa0d3c                __u_boot_cmd_coninfo
 .u_boot_cmd    0x33fa0d54       0x18 common/libcommon.a(cmd_date.o)
                0x33fa0d54                __u_boot_cmd_date
 .u_boot_cmd    0x33fa0d6c       0x30 common/libcommon.a(cmd_elf.o)
                0x33fa0d84                __u_boot_cmd_bootelf
                0x33fa0d6c                __u_boot_cmd_bootvx
 .u_boot_cmd    0x33fa0d9c       0x48 common/libcommon.a(cmd_flash.o)
                0x33fa0dcc                __u_boot_cmd_flinfo
                0x33fa0d9c                __u_boot_cmd_protect
                0x33fa0db4                __u_boot_cmd_erase
 .u_boot_cmd    0x33fa0de4       0x18 common/libcommon.a(cmd_itest.o)
                0x33fa0de4                __u_boot_cmd_itest
 .u_boot_cmd    0x33fa0dfc       0x48 common/libcommon.a(cmd_load.o)
                0x33fa0dfc                __u_boot_cmd_loady
                0x33fa0e2c                __u_boot_cmd_loads
                0x33fa0e14                __u_boot_cmd_loadb
 .u_boot_cmd    0x33fa0e44       0xf0 common/libcommon.a(cmd_mem.o)
                0x33fa0f04                __u_boot_cmd_mm
                0x33fa0ebc                __u_boot_cmd_cp
                0x33fa0e5c                __u_boot_cmd_loop
                0x33fa0e74                __u_boot_cmd_base
                0x33fa0ed4                __u_boot_cmd_mw
                0x33fa0ea4                __u_boot_cmd_cmp
                0x33fa0eec                __u_boot_cmd_nm
                0x33fa0e44                __u_boot_cmd_mtest
                0x33fa0e8c                __u_boot_cmd_crc32
                0x33fa0f1c                __u_boot_cmd_md
 .u_boot_cmd    0x33fa0f34       0x18 common/libcommon.a(cmd_misc.o)
                0x33fa0f34                __u_boot_cmd_sleep
 .u_boot_cmd    0x33fa0f4c       0x30 common/libcommon.a(cmd_nand.o)
                0x33fa0f64                __u_boot_cmd_nand
                0x33fa0f4c                __u_boot_cmd_nboot
 .u_boot_cmd    0x33fa0f7c       0x78 common/libcommon.a(cmd_net.o)
                0x33fa0f7c                __u_boot_cmd_ping
                0x33fa0f94                __u_boot_cmd_nfs
                0x33fa0fac                __u_boot_cmd_rarpboot
                0x33fa0fdc                __u_boot_cmd_bootp
                0x33fa0fc4                __u_boot_cmd_tftpboot
 .u_boot_cmd    0x33fa0ff4       0x60 common/libcommon.a(cmd_nvedit.o)
                0x33fa1024                __u_boot_cmd_setenv
                0x33fa103c                __u_boot_cmd_printenv
                0x33fa100c                __u_boot_cmd_saveenv
                0x33fa0ff4                __u_boot_cmd_run
 .u_boot_cmd    0x33fa1054       0x60 common/libcommon.a(command.o)
                0x33fa109c                __u_boot_cmd_version
                0x33fa1084                __u_boot_cmd_echo
                0x33fa106c                __u_boot_cmd_help
                0x33fa1054                __u_boot_cmd_question_mark
 .u_boot_cmd    0x33fa10b4       0x18 common/libcommon.a(partition.o)
                0x33fa10b4                __u_boot_cmd_partinfo
                0x33fa10cc                __u_boot_cmd_end = .
                0x33fa10cc                . = ALIGN (0x4)
                0x33fa10cc                __bss_start = .

.bss            0x33fa10cc     0x5250
 *(.bss)
 .bss           0x33fa10cc        0xc cpu/arm920t/s3c24x0/libs3c24x0.a(interrupts.o)
                0x33fa10cc                timer_load_val
 .bss           0x33fa10d8       0x10 lib_arm/libarm.a(board.o)
                0x33fa10d8                monitor_flash_len
 .bss           0x33fa10e8     0x25d0 net/libnet.a(net.o)
                0x33fa1240                PktBuf
                0x33fa117c                NetOurDNSIP
                0x33fa119c                NetRxPackets
                0x33fa113a                NetOurHostName
                0x33fa1194                NetOurIP
                0x33fa1180                NetOurGatewayIP
                0x33fa11bc                BootFile
                0x33fa10e8                NetTxPacket
                0x33fa3074                NetArpWaitPacketBuf
                0x33fa115a                NetOurNISDomain
                0x33fa10fa                NetOurRootPath
                0x33fa10f2                NetServerEther
                0x33fa11b8                NetState
                0x33fa1184                NetOurSubnetMask
                0x33fa3060                NetArpWaitPacketIP
                0x33fa3694                NetArpWaitTimerStart
                0x33fa1198                NetServerIP
                0x33fa10ec                NetEtherNullAddr
                0x33fa3064                NetArpWaitReplyIP
                0x33fa3068                NetArpWaitPacketMAC
                0x33fa118c                NetOurEther
                0x33fa11b4                NetIPID
                0x33fa3070                NetArpWaitTxPacketSize
                0x33fa306c                NetArpWaitTxPacket
                0x33fa10f8                NetBootFileSize
                0x33fa3698                NetArpWaitTry
                0x33fa123c                NetPingIP
                0x33fa11b0                NetRxPktLen
                0x33fa1188                NetBootFileXferSize
                0x33fa11ac                NetRxPkt
 .bss           0x33fa36b8       0x34 net/libnet.a(tftp.o)
 .bss           0x33fa36ec        0x8 net/libnet.a(bootp.o)
                0x33fa36f0                BootpTry
                0x33fa36ec                BootpID
 .bss           0x33fa36f4        0x4 net/libnet.a(rarp.o)
                0x33fa36f4                RarpTry
 .bss           0x33fa36f8      0x8b0 net/libnet.a(nfs.o)
 .bss           0x33fa3fa8      0x208 drivers/nand/libnand.a(nand.o)
                0x33fa3fa8                nand_info
 .bss           0x33fa41b0      0x200 common/libcommon.a(main.o)
                0x33fa41b0                console_buffer
 .bss           0x33fa43b0       0x40 common/libcommon.a(cmd_bootm.o)
                0x33fa43b0                header
 .bss           0x33fa43f0       0x88 common/libcommon.a(cmd_load.o)
                0x33fa4414                his_eol
                0x33fa4420                os_data_init
                0x33fa43f0                os_data_count
                0x33fa441c                his_pad_char
                0x33fa443c                send_ptr
                0x33fa441d                his_quote
                0x33fa4428                send_parms
                0x33fa4424                os_data_char
                0x33fa4418                his_pad_count
                0x33fa43f4                os_data_header
 .bss           0x33fa4478       0x14 common/libcommon.a(cmd_mem.o)
                0x33fa447c                dp_last_size
                0x33fa4484                mm_last_size
                0x33fa4480                mm_last_addr
                0x33fa4478                dp_last_addr
 .bss           0x33fa448c        0x8 common/libcommon.a(console.o)
 .bss           0x33fa4494       0x10 common/libcommon.a(devices.o)
                0x33fa4494                stdio_devices
                0x33fa44a0                devlist
 .bss           0x33fa44a4       0x3c common/libcommon.a(dlmalloc.o)
 .bss           0x33fa44e0        0x4 common/libcommon.a(env_nand.o)
                0x33fa44e0                env_ptr
 .bss           0x33fa44e4      0x43c common/libcommon.a(xyzModem.o)
 .bss           0x33fa4920        0x4 lib_generic/libgeneric.a(string.o)
                0x33fa4920                ___strtok
 .bss           0x33fa4924     0x10a8 lib_generic/libgeneric.a(zlib.o)
 .bss           0x33fa59cc       0x44 board/ray2410/libray2410.a(flash.o)
                0x33fa59cc                flash_info
 .bss           0x33fa5a10        0x4 lib_arm/libarm.a(armlinux.o)
 .bss           0x33fa5a14      0x908 drivers/nand/libnand.a(nand_util.o)

.rel.dyn
                0x33fa631c                _end = .
Address of section .text set to 0x33f80000
LOAD cpu/arm920t/start.o
START GROUP
LOAD lib_generic/libgeneric.a
LOAD board/ray2410/libray2410.a
LOAD cpu/arm920t/libarm920t.a
LOAD cpu/arm920t/s3c24x0/libs3c24x0.a
LOAD lib_arm/libarm.a
LOAD fs/cramfs/libcramfs.a
LOAD fs/fat/libfat.a
LOAD fs/fdos/libfdos.a
LOAD fs/jffs2/libjffs2.a
LOAD fs/reiserfs/libreiserfs.a
LOAD fs/ext2/libext2fs.a
LOAD net/libnet.a
LOAD disk/libdisk.a
LOAD rtc/librtc.a
LOAD dtt/libdtt.a
LOAD drivers/libdrivers.a
LOAD drivers/nand/libnand.a
LOAD drivers/nand_legacy/libnand_legacy.a
LOAD drivers/sk98lin/libsk98lin.a
LOAD post/libpost.a
LOAD post/cpu/libcpu.a
LOAD common/libcommon.a
END GROUP
LOAD /opt/arm/bin/../lib/gcc/arm-linux/3.4.5/libgcc.a
OUTPUT(u-boot elf32-littlearm)

.debug_line     0x00000000     0x816a
 .debug_line    0x00000000       0x9d cpu/arm920t/start.o
 .debug_line    0x0000009d       0xe0 board/ray2410/boot_init.o
 .debug_line    0x0000017d       0x46 board/ray2410/libray2410.a(lowlevel_init.o)
 .debug_line    0x000001c3       0xc5 cpu/arm920t/libarm920t.a(interrupts.o)
 .debug_line    0x00000288      0x158 cpu/arm920t/s3c24x0/libs3c24x0.a(interrupts.o)
 .debug_line    0x000003e0       0xf8 cpu/arm920t/s3c24x0/libs3c24x0.a(speed.o)
 .debug_line    0x000004d8       0x5c lib_arm/libarm.a(_udivsi3.o)
 .debug_line    0x00000534      0x1c9 lib_arm/libarm.a(board.o)
 .debug_line    0x000006fd       0x33 lib_arm/libarm.a(div0.o)
 .debug_line    0x00000730      0x6f9 net/libnet.a(net.o)
 .debug_line    0x00000e29      0x2aa net/libnet.a(tftp.o)
 .debug_line    0x000010d3      0x2ed net/libnet.a(bootp.o)
 .debug_line    0x000013c0      0x106 net/libnet.a(rarp.o)
 .debug_line    0x000014c6       0xc7 net/libnet.a(eth.o)
 .debug_line    0x0000158d      0x4c6 net/libnet.a(nfs.o)
 .debug_line    0x00001a53      0x1a4 drivers/libdrivers.a(cs8900.o)
 .debug_line    0x00001bf7      0x19e drivers/nand/libnand.a(nand.o)
 .debug_line    0x00001d95      0x7ab drivers/nand/libnand.a(nand_base.o)
 .debug_line    0x00002540       0x75 drivers/nand/libnand.a(nand_ids.o)
 .debug_line    0x000025b5      0x1d3 drivers/nand/libnand.a(nand_ecc.o)
 .debug_line    0x00002788      0x490 drivers/nand/libnand.a(nand_bbt.o)
 .debug_line    0x00002c18      0x1fa common/libcommon.a(main.o)
 .debug_line    0x00002e12      0x21a common/libcommon.a(cmd_autoscript.o)
 .debug_line    0x0000302c      0x13a common/libcommon.a(cmd_bdinfo.o)
 .debug_line    0x00003166       0xe1 common/libcommon.a(cmd_boot.o)
 .debug_line    0x00003247      0x519 common/libcommon.a(cmd_bootm.o)
 .debug_line    0x00003760       0xb2 common/libcommon.a(cmd_cache.o)
 .debug_line    0x00003812       0xad common/libcommon.a(cmd_console.o)
 .debug_line    0x000038bf      0x17b common/libcommon.a(cmd_date.o)
 .debug_line    0x00003a3a      0x1c3 common/libcommon.a(cmd_elf.o)
 .debug_line    0x00003bfd      0x258 common/libcommon.a(cmd_flash.o)
 .debug_line    0x00003e55      0x126 common/libcommon.a(cmd_itest.o)
 .debug_line    0x00003f7b      0x3b1 common/libcommon.a(cmd_load.o)
 .debug_line    0x0000432c      0x2aa common/libcommon.a(cmd_mem.o)
 .debug_line    0x000045d6       0xda common/libcommon.a(cmd_misc.o)
 .debug_line    0x000046b0      0x3c3 common/libcommon.a(cmd_nand.o)
 .debug_line    0x00004a73      0x149 common/libcommon.a(cmd_net.o)
 .debug_line    0x00004bbc      0x2c7 common/libcommon.a(cmd_nvedit.o)
 .debug_line    0x00004e83      0x117 common/libcommon.a(command.o)
 .debug_line    0x00004f9a      0x255 common/libcommon.a(console.o)
 .debug_line    0x000051ef      0x15f common/libcommon.a(devices.o)
 .debug_line    0x0000534e      0x3b5 common/libcommon.a(dlmalloc.o)
 .debug_line    0x00005703      0x15e common/libcommon.a(env_common.o)
 .debug_line    0x00005861      0x23e common/libcommon.a(env_nand.o)
 .debug_line    0x00005a9f       0xe7 common/libcommon.a(exports.o)
 .debug_line    0x00005b86      0x151 common/libcommon.a(flash.o)
 .debug_line    0x00005cd7      0x10b common/libcommon.a(lists.o)
 .debug_line    0x00005de2      0x10d common/libcommon.a(s_record.o)
 .debug_line    0x00005eef      0x22e common/libcommon.a(xyzModem.o)
 .debug_line    0x0000611d      0x29e common/libcommon.a(partition.o)
 .debug_line    0x000063bb       0xcf common/libcommon.a(crc16.o)
 .debug_line    0x0000648a       0x9e lib_generic/libgeneric.a(crc32.o)
 .debug_line    0x00006528       0xa5 lib_generic/libgeneric.a(display_options.o)
 .debug_line    0x000065cd      0x1c6 lib_generic/libgeneric.a(string.o)
 .debug_line    0x00006793      0x1c8 lib_generic/libgeneric.a(vsprintf.o)
 .debug_line    0x0000695b      0x5d9 lib_generic/libgeneric.a(zlib.o)
 .debug_line    0x00006f34       0x25 lib_generic/libgeneric.a(ctype.o)
 .debug_line    0x00006f59      0x19f board/ray2410/libray2410.a(ray2410.o)
 .debug_line    0x000070f8      0x20d board/ray2410/libray2410.a(flash.o)
 .debug_line    0x00007305       0xef cpu/arm920t/libarm920t.a(cpu.o)
 .debug_line    0x000073f4      0x16d cpu/arm920t/s3c24x0/libs3c24x0.a(serial.o)
 .debug_line    0x00007561      0x1e7 cpu/arm920t/s3c24x0/libs3c24x0.a(nand_flash.o)
 .debug_line    0x00007748       0x3d lib_arm/libarm.a(_ashldi3.o)
 .debug_line    0x00007785       0x3d lib_arm/libarm.a(_ashrdi3.o)
 .debug_line    0x000077c2       0x63 lib_arm/libarm.a(_divsi3.o)
 .debug_line    0x00007825       0x51 lib_arm/libarm.a(_modsi3.o)
 .debug_line    0x00007876       0x63 lib_arm/libarm.a(_umodsi3.o)
 .debug_line    0x000078d9      0x256 lib_arm/libarm.a(armlinux.o)
 .debug_line    0x00007b2f       0x34 lib_arm/libarm.a(cache.o)
 .debug_line    0x00007b63       0xca rtc/librtc.a(date.o)
 .debug_line    0x00007c2d      0x13b rtc/librtc.a(s3c24x0_rtc.o)
 .debug_line    0x00007d68      0x3ce drivers/nand/libnand.a(nand_util.o)
 .debug_line    0x00008136       0x1a /opt/arm/bin/../lib/gcc/arm-linux/3.4.5/libgcc.a(_udivdi3.oS)
 .debug_line    0x00008150       0x1a /opt/arm/bin/../lib/gcc/arm-linux/3.4.5/libgcc.a(_clz.oS)

.debug_info     0x00000000    0x1d1b9
 .debug_info    0x00000000       0x6b cpu/arm920t/start.o
 .debug_info    0x0000006b      0x77c board/ray2410/boot_init.o
 .debug_info    0x000007e7       0x75 board/ray2410/libray2410.a(lowlevel_init.o)
 .debug_info    0x0000085c      0x242 cpu/arm920t/libarm920t.a(interrupts.o)
 .debug_info    0x00000a9e      0x439 cpu/arm920t/s3c24x0/libs3c24x0.a(interrupts.o)
 .debug_info    0x00000ed7      0x1f2 cpu/arm920t/s3c24x0/libs3c24x0.a(speed.o)
 .debug_info    0x000010c9       0x6a lib_arm/libarm.a(_udivsi3.o)
 .debug_info    0x00001133      0x4ec lib_arm/libarm.a(board.o)
 .debug_info    0x0000161f       0x44 lib_arm/libarm.a(div0.o)
 .debug_info    0x00001663     0x168e net/libnet.a(net.o)
 .debug_info    0x00002cf1      0x41a net/libnet.a(tftp.o)
 .debug_info    0x0000310b      0x8c2 net/libnet.a(bootp.o)
 .debug_info    0x000039cd      0x245 net/libnet.a(rarp.o)
 .debug_info    0x00003c12      0x17d net/libnet.a(eth.o)
 .debug_info    0x00003d8f      0xe3a net/libnet.a(nfs.o)
 .debug_info    0x00004bc9      0x489 drivers/libdrivers.a(cs8900.o)
 .debug_info    0x00005052      0xc63 drivers/nand/libnand.a(nand.o)
 .debug_info    0x00005cb5     0x2153 drivers/nand/libnand.a(nand_base.o)
 .debug_info    0x00007e08      0x156 drivers/nand/libnand.a(nand_ids.o)
 .debug_info    0x00007f5e      0x7e4 drivers/nand/libnand.a(nand_ecc.o)
 .debug_info    0x00008742     0x1794 drivers/nand/libnand.a(nand_bbt.o)
 .debug_info    0x00009ed6      0x620 common/libcommon.a(main.o)
 .debug_info    0x0000a4f6      0x3fc common/libcommon.a(cmd_autoscript.o)
 .debug_info    0x0000a8f2      0x368 common/libcommon.a(cmd_bdinfo.o)
 .debug_info    0x0000ac5a      0x1c8 common/libcommon.a(cmd_boot.o)
 .debug_info    0x0000ae22     0x1362 common/libcommon.a(cmd_bootm.o)
 .debug_info    0x0000c184      0x218 common/libcommon.a(cmd_cache.o)
 .debug_info    0x0000c39c      0x37d common/libcommon.a(cmd_console.o)
 .debug_info    0x0000c719      0x4fb common/libcommon.a(cmd_date.o)
 .debug_info    0x0000cc14      0x506 common/libcommon.a(cmd_elf.o)
 .debug_info    0x0000d11a      0x7ac common/libcommon.a(cmd_flash.o)
 .debug_info    0x0000d8c6      0x42a common/libcommon.a(cmd_itest.o)
 .debug_info    0x0000dcf0      0xd34 common/libcommon.a(cmd_load.o)
 .debug_info    0x0000ea24      0xa16 common/libcommon.a(cmd_mem.o)
 .debug_info    0x0000f43a      0x1aa common/libcommon.a(cmd_misc.o)
 .debug_info    0x0000f5e4     0x1577 common/libcommon.a(cmd_nand.o)
 .debug_info    0x00010b5b      0x533 common/libcommon.a(cmd_net.o)
 .debug_info    0x0001108e      0x825 common/libcommon.a(cmd_nvedit.o)
 .debug_info    0x000118b3      0x3f4 common/libcommon.a(command.o)
 .debug_info    0x00011ca7      0x855 common/libcommon.a(console.o)
 .debug_info    0x000124fc      0x485 common/libcommon.a(devices.o)
 .debug_info    0x00012981      0xb59 common/libcommon.a(dlmalloc.o)
 .debug_info    0x000134da      0x377 common/libcommon.a(env_common.o)
 .debug_info    0x00013851      0xa31 common/libcommon.a(env_nand.o)
 .debug_info    0x00014282      0x255 common/libcommon.a(exports.o)
 .debug_info    0x000144d7      0x2f4 common/libcommon.a(flash.o)
 .debug_info    0x000147cb      0x4df common/libcommon.a(lists.o)
 .debug_info    0x00014caa      0x17a common/libcommon.a(s_record.o)
 .debug_info    0x00014e24      0x625 common/libcommon.a(xyzModem.o)
 .debug_info    0x00015449      0xbfa common/libcommon.a(partition.o)
 .debug_info    0x00016043      0x10f common/libcommon.a(crc16.o)
 .debug_info    0x00016152      0x16d lib_generic/libgeneric.a(crc32.o)
 .debug_info    0x000162bf      0x120 lib_generic/libgeneric.a(display_options.o)
 .debug_info    0x000163df      0x828 lib_generic/libgeneric.a(string.o)
 .debug_info    0x00016c07      0x401 lib_generic/libgeneric.a(vsprintf.o)
 .debug_info    0x00017008     0x16ca lib_generic/libgeneric.a(zlib.o)
 .debug_info    0x000186d2       0x56 lib_generic/libgeneric.a(ctype.o)
 .debug_info    0x00018728      0x70e board/ray2410/libray2410.a(ray2410.o)
 .debug_info    0x00018e36      0x3e2 board/ray2410/libray2410.a(flash.o)
 .debug_info    0x00019218      0x2f0 cpu/arm920t/libarm920t.a(cpu.o)
 .debug_info    0x00019508      0x47f cpu/arm920t/s3c24x0/libs3c24x0.a(serial.o)
 .debug_info    0x00019987      0xea9 cpu/arm920t/s3c24x0/libs3c24x0.a(nand_flash.o)
 .debug_info    0x0001a830       0x6a lib_arm/libarm.a(_ashldi3.o)
 .debug_info    0x0001a89a       0x6a lib_arm/libarm.a(_ashrdi3.o)
 .debug_info    0x0001a904       0x69 lib_arm/libarm.a(_divsi3.o)
 .debug_info    0x0001a96d       0x69 lib_arm/libarm.a(_modsi3.o)
 .debug_info    0x0001a9d6       0x6a lib_arm/libarm.a(_umodsi3.o)
 .debug_info    0x0001aa40      0xa94 lib_arm/libarm.a(armlinux.o)
 .debug_info    0x0001b4d4       0xa8 lib_arm/libarm.a(cache.o)
 .debug_info    0x0001b57c      0x253 rtc/librtc.a(date.o)
 .debug_info    0x0001b7cf      0x6ac rtc/librtc.a(s3c24x0_rtc.o)
 .debug_info    0x0001be7b     0x133e drivers/nand/libnand.a(nand_util.o)

.debug_abbrev   0x00000000     0x63f8
 .debug_abbrev  0x00000000       0x14 cpu/arm920t/start.o
 .debug_abbrev  0x00000014      0x1d8 board/ray2410/boot_init.o
 .debug_abbrev  0x000001ec       0x14 board/ray2410/libray2410.a(lowlevel_init.o)
 .debug_abbrev  0x00000200       0xe0 cpu/arm920t/libarm920t.a(interrupts.o)
 .debug_abbrev  0x000002e0      0x1c8 cpu/arm920t/s3c24x0/libs3c24x0.a(interrupts.o)
 .debug_abbrev  0x000004a8       0xf8 cpu/arm920t/s3c24x0/libs3c24x0.a(speed.o)
 .debug_abbrev  0x000005a0       0x14 lib_arm/libarm.a(_udivsi3.o)
 .debug_abbrev  0x000005b4      0x20f lib_arm/libarm.a(board.o)
 .debug_abbrev  0x000007c3       0x3a lib_arm/libarm.a(div0.o)
 .debug_abbrev  0x000007fd      0x2fc net/libnet.a(net.o)
 .debug_abbrev  0x00000af9      0x19e net/libnet.a(tftp.o)
 .debug_abbrev  0x00000c97      0x261 net/libnet.a(bootp.o)
 .debug_abbrev  0x00000ef8      0x108 net/libnet.a(rarp.o)
 .debug_abbrev  0x00001000       0xac net/libnet.a(eth.o)
 .debug_abbrev  0x000010ac      0x2e3 net/libnet.a(nfs.o)
 .debug_abbrev  0x0000138f      0x1d7 drivers/libdrivers.a(cs8900.o)
 .debug_abbrev  0x00001566      0x17d drivers/nand/libnand.a(nand.o)
 .debug_abbrev  0x000016e3      0x316 drivers/nand/libnand.a(nand_base.o)
 .debug_abbrev  0x000019f9       0x83 drivers/nand/libnand.a(nand_ids.o)
 .debug_abbrev  0x00001a7c      0x171 drivers/nand/libnand.a(nand_ecc.o)
 .debug_abbrev  0x00001bed      0x2b1 drivers/nand/libnand.a(nand_bbt.o)
 .debug_abbrev  0x00001e9e      0x208 common/libcommon.a(main.o)
 .debug_abbrev  0x000020a6      0x141 common/libcommon.a(cmd_autoscript.o)
 .debug_abbrev  0x000021e7      0x119 common/libcommon.a(cmd_bdinfo.o)
 .debug_abbrev  0x00002300       0xd6 common/libcommon.a(cmd_boot.o)
 .debug_abbrev  0x000023d6      0x2c2 common/libcommon.a(cmd_bootm.o)
 .debug_abbrev  0x00002698       0xe5 common/libcommon.a(cmd_cache.o)
 .debug_abbrev  0x0000277d      0x134 common/libcommon.a(cmd_console.o)
 .debug_abbrev  0x000028b1      0x15a common/libcommon.a(cmd_date.o)
 .debug_abbrev  0x00002a0b      0x178 common/libcommon.a(cmd_elf.o)
 .debug_abbrev  0x00002b83      0x1a4 common/libcommon.a(cmd_flash.o)
 .debug_abbrev  0x00002d27      0x17f common/libcommon.a(cmd_itest.o)
 .debug_abbrev  0x00002ea6      0x301 common/libcommon.a(cmd_load.o)
 .debug_abbrev  0x000031a7      0x1c0 common/libcommon.a(cmd_mem.o)
 .debug_abbrev  0x00003367       0xc7 common/libcommon.a(cmd_misc.o)
 .debug_abbrev  0x0000342e      0x2e2 common/libcommon.a(cmd_nand.o)
 .debug_abbrev  0x00003710      0x17b common/libcommon.a(cmd_net.o)
 .debug_abbrev  0x0000388b      0x22e common/libcommon.a(cmd_nvedit.o)
 .debug_abbrev  0x00003ab9      0x18b common/libcommon.a(command.o)
 .debug_abbrev  0x00003c44      0x23a common/libcommon.a(console.o)
 .debug_abbrev  0x00003e7e      0x15b common/libcommon.a(devices.o)
 .debug_abbrev  0x00003fd9      0x1d6 common/libcommon.a(dlmalloc.o)
 .debug_abbrev  0x000041af      0x149 common/libcommon.a(env_common.o)
 .debug_abbrev  0x000042f8      0x22a common/libcommon.a(env_nand.o)
 .debug_abbrev  0x00004522       0xf3 common/libcommon.a(exports.o)
 .debug_abbrev  0x00004615      0x116 common/libcommon.a(flash.o)
 .debug_abbrev  0x0000472b      0x18e common/libcommon.a(lists.o)
 .debug_abbrev  0x000048b9       0xac common/libcommon.a(s_record.o)
 .debug_abbrev  0x00004965      0x214 common/libcommon.a(xyzModem.o)
 .debug_abbrev  0x00004b79      0x1d3 common/libcommon.a(partition.o)
 .debug_abbrev  0x00004d4c       0x9f common/libcommon.a(crc16.o)
 .debug_abbrev  0x00004deb       0x90 lib_generic/libgeneric.a(crc32.o)
 .debug_abbrev  0x00004e7b       0xc3 lib_generic/libgeneric.a(display_options.o)
 .debug_abbrev  0x00004f3e      0x136 lib_generic/libgeneric.a(string.o)
 .debug_abbrev  0x00005074      0x1ad lib_generic/libgeneric.a(vsprintf.o)
 .debug_abbrev  0x00005221      0x271 lib_generic/libgeneric.a(zlib.o)
 .debug_abbrev  0x00005492       0x42 lib_generic/libgeneric.a(ctype.o)
 .debug_abbrev  0x000054d4      0x1af board/ray2410/libray2410.a(ray2410.o)
 .debug_abbrev  0x00005683      0x19b board/ray2410/libray2410.a(flash.o)
 .debug_abbrev  0x0000581e      0x124 cpu/arm920t/libarm920t.a(cpu.o)
 .debug_abbrev  0x00005942      0x17c cpu/arm920t/s3c24x0/libs3c24x0.a(serial.o)
 .debug_abbrev  0x00005abe      0x1ef cpu/arm920t/s3c24x0/libs3c24x0.a(nand_flash.o)
 .debug_abbrev  0x00005cad       0x14 lib_arm/libarm.a(_ashldi3.o)
 .debug_abbrev  0x00005cc1       0x14 lib_arm/libarm.a(_ashrdi3.o)
 .debug_abbrev  0x00005cd5       0x14 lib_arm/libarm.a(_divsi3.o)
 .debug_abbrev  0x00005ce9       0x14 lib_arm/libarm.a(_modsi3.o)
 .debug_abbrev  0x00005cfd       0x14 lib_arm/libarm.a(_umodsi3.o)
 .debug_abbrev  0x00005d11      0x1f7 lib_arm/libarm.a(armlinux.o)
 .debug_abbrev  0x00005f08       0x4e lib_arm/libarm.a(cache.o)
 .debug_abbrev  0x00005f56       0xdc rtc/librtc.a(date.o)
 .debug_abbrev  0x00006032      0x1c0 rtc/librtc.a(s3c24x0_rtc.o)
 .debug_abbrev  0x000061f2      0x206 drivers/nand/libnand.a(nand_util.o)

.debug_aranges  0x00000000      0x8c0
 .debug_aranges
                0x00000000       0x20 cpu/arm920t/start.o
 .debug_aranges
                0x00000020       0x20 board/ray2410/boot_init.o
 .debug_aranges
                0x00000040       0x20 board/ray2410/libray2410.a(lowlevel_init.o)
 .debug_aranges
                0x00000060       0x20 cpu/arm920t/libarm920t.a(interrupts.o)
 .debug_aranges
                0x00000080       0x20 cpu/arm920t/s3c24x0/libs3c24x0.a(interrupts.o)
 .debug_aranges
                0x000000a0       0x20 cpu/arm920t/s3c24x0/libs3c24x0.a(speed.o)
 .debug_aranges
                0x000000c0       0x20 lib_arm/libarm.a(_udivsi3.o)
 .debug_aranges
                0x000000e0       0x20 lib_arm/libarm.a(board.o)
 .debug_aranges
                0x00000100       0x20 lib_arm/libarm.a(div0.o)
 .debug_aranges
                0x00000120       0x20 net/libnet.a(net.o)
 .debug_aranges
                0x00000140       0x20 net/libnet.a(tftp.o)
 .debug_aranges
                0x00000160       0x20 net/libnet.a(bootp.o)
 .debug_aranges
                0x00000180       0x20 net/libnet.a(rarp.o)
 .debug_aranges
                0x000001a0       0x20 net/libnet.a(eth.o)
 .debug_aranges
                0x000001c0       0x20 net/libnet.a(nfs.o)
 .debug_aranges
                0x000001e0       0x20 drivers/libdrivers.a(cs8900.o)
 .debug_aranges
                0x00000200       0x20 drivers/nand/libnand.a(nand.o)
 .debug_aranges
                0x00000220       0x20 drivers/nand/libnand.a(nand_base.o)
 .debug_aranges
                0x00000240       0x20 drivers/nand/libnand.a(nand_ecc.o)
 .debug_aranges
                0x00000260       0x20 drivers/nand/libnand.a(nand_bbt.o)
 .debug_aranges
                0x00000280       0x20 common/libcommon.a(main.o)
 .debug_aranges
                0x000002a0       0x20 common/libcommon.a(cmd_autoscript.o)
 .debug_aranges
                0x000002c0       0x20 common/libcommon.a(cmd_bdinfo.o)
 .debug_aranges
                0x000002e0       0x20 common/libcommon.a(cmd_boot.o)
 .debug_aranges
                0x00000300       0x20 common/libcommon.a(cmd_bootm.o)
 .debug_aranges
                0x00000320       0x20 common/libcommon.a(cmd_cache.o)
 .debug_aranges
                0x00000340       0x20 common/libcommon.a(cmd_console.o)
 .debug_aranges
                0x00000360       0x20 common/libcommon.a(cmd_date.o)
 .debug_aranges
                0x00000380       0x20 common/libcommon.a(cmd_elf.o)
 .debug_aranges
                0x000003a0       0x20 common/libcommon.a(cmd_flash.o)
 .debug_aranges
                0x000003c0       0x20 common/libcommon.a(cmd_itest.o)
 .debug_aranges
                0x000003e0       0x20 common/libcommon.a(cmd_load.o)
 .debug_aranges
                0x00000400       0x20 common/libcommon.a(cmd_mem.o)
 .debug_aranges
                0x00000420       0x20 common/libcommon.a(cmd_misc.o)
 .debug_aranges
                0x00000440       0x20 common/libcommon.a(cmd_nand.o)
 .debug_aranges
                0x00000460       0x20 common/libcommon.a(cmd_net.o)
 .debug_aranges
                0x00000480       0x20 common/libcommon.a(cmd_nvedit.o)
 .debug_aranges
                0x000004a0       0x20 common/libcommon.a(command.o)
 .debug_aranges
                0x000004c0       0x20 common/libcommon.a(console.o)
 .debug_aranges
                0x000004e0       0x20 common/libcommon.a(devices.o)
 .debug_aranges
                0x00000500       0x20 common/libcommon.a(dlmalloc.o)
 .debug_aranges
                0x00000520       0x20 common/libcommon.a(env_common.o)
 .debug_aranges
                0x00000540       0x20 common/libcommon.a(env_nand.o)
 .debug_aranges
                0x00000560       0x20 common/libcommon.a(exports.o)
 .debug_aranges
                0x00000580       0x20 common/libcommon.a(flash.o)
 .debug_aranges
                0x000005a0       0x20 common/libcommon.a(lists.o)
 .debug_aranges
                0x000005c0       0x20 common/libcommon.a(s_record.o)
 .debug_aranges
                0x000005e0       0x20 common/libcommon.a(xyzModem.o)
 .debug_aranges
                0x00000600       0x20 common/libcommon.a(partition.o)
 .debug_aranges
                0x00000620       0x20 common/libcommon.a(crc16.o)
 .debug_aranges
                0x00000640       0x20 lib_generic/libgeneric.a(crc32.o)
 .debug_aranges
                0x00000660       0x20 lib_generic/libgeneric.a(display_options.o)
 .debug_aranges
                0x00000680       0x20 lib_generic/libgeneric.a(string.o)
 .debug_aranges
                0x000006a0       0x20 lib_generic/libgeneric.a(vsprintf.o)
 .debug_aranges
                0x000006c0       0x20 lib_generic/libgeneric.a(zlib.o)
 .debug_aranges
                0x000006e0       0x20 board/ray2410/libray2410.a(ray2410.o)
 .debug_aranges
                0x00000700       0x20 board/ray2410/libray2410.a(flash.o)
 .debug_aranges
                0x00000720       0x20 cpu/arm920t/libarm920t.a(cpu.o)
 .debug_aranges
                0x00000740       0x20 cpu/arm920t/s3c24x0/libs3c24x0.a(serial.o)
 .debug_aranges
                0x00000760       0x20 cpu/arm920t/s3c24x0/libs3c24x0.a(nand_flash.o)
 .debug_aranges
                0x00000780       0x20 lib_arm/libarm.a(_ashldi3.o)
 .debug_aranges
                0x000007a0       0x20 lib_arm/libarm.a(_ashrdi3.o)
 .debug_aranges
                0x000007c0       0x20 lib_arm/libarm.a(_divsi3.o)
 .debug_aranges
                0x000007e0       0x20 lib_arm/libarm.a(_modsi3.o)
 .debug_aranges
                0x00000800       0x20 lib_arm/libarm.a(_umodsi3.o)
 .debug_aranges
                0x00000820       0x20 lib_arm/libarm.a(armlinux.o)
 .debug_aranges
                0x00000840       0x20 lib_arm/libarm.a(cache.o)
 .debug_aranges
                0x00000860       0x20 rtc/librtc.a(date.o)
 .debug_aranges
                0x00000880       0x20 rtc/librtc.a(s3c24x0_rtc.o)
 .debug_aranges
                0x000008a0       0x20 drivers/nand/libnand.a(nand_util.o)

.debug_frame    0x00000000     0x3064
 .debug_frame   0x00000000       0xb0 board/ray2410/boot_init.o
 .debug_frame   0x000000b0      0x110 cpu/arm920t/libarm920t.a(interrupts.o)
 .debug_frame   0x000001c0       0xf8 cpu/arm920t/s3c24x0/libs3c24x0.a(interrupts.o)
 .debug_frame   0x000002b8       0x78 cpu/arm920t/s3c24x0/libs3c24x0.a(speed.o)
 .debug_frame   0x00000330       0x9c lib_arm/libarm.a(board.o)
 .debug_frame   0x000003cc       0x20 lib_arm/libarm.a(div0.o)
 .debug_frame   0x000003ec      0x2c0 net/libnet.a(net.o)
 .debug_frame   0x000006ac       0x8c net/libnet.a(tftp.o)
 .debug_frame   0x00000738       0x8c net/libnet.a(bootp.o)
 .debug_frame   0x000007c4       0x60 net/libnet.a(rarp.o)
 .debug_frame   0x00000824       0x20 net/libnet.a(eth.o)
 .debug_frame   0x00000844      0x14c net/libnet.a(nfs.o)
 .debug_frame   0x00000990      0x148 drivers/libdrivers.a(cs8900.o)
 .debug_frame   0x00000ad8       0x28 drivers/nand/libnand.a(nand.o)
 .debug_frame   0x00000b00      0x438 drivers/nand/libnand.a(nand_base.o)
 .debug_frame   0x00000f38       0x54 drivers/nand/libnand.a(nand_ecc.o)
 .debug_frame   0x00000f8c      0x1a0 drivers/nand/libnand.a(nand_bbt.o)
 .debug_frame   0x0000112c       0xb8 common/libcommon.a(main.o)
 .debug_frame   0x000011e4       0x4c common/libcommon.a(cmd_autoscript.o)
 .debug_frame   0x00001230       0x3c common/libcommon.a(cmd_bdinfo.o)
 .debug_frame   0x0000126c       0x2c common/libcommon.a(cmd_boot.o)
 .debug_frame   0x00001298      0x120 common/libcommon.a(cmd_bootm.o)
 .debug_frame   0x000013b8       0x58 common/libcommon.a(cmd_cache.o)
 .debug_frame   0x00001410       0x30 common/libcommon.a(cmd_console.o)
 .debug_frame   0x00001440       0x64 common/libcommon.a(cmd_date.o)
 .debug_frame   0x000014a4       0x88 common/libcommon.a(cmd_elf.o)
 .debug_frame   0x0000152c      0x124 common/libcommon.a(cmd_flash.o)
 .debug_frame   0x00001650       0x74 common/libcommon.a(cmd_itest.o)
 .debug_frame   0x000016c4      0x198 common/libcommon.a(cmd_load.o)
 .debug_frame   0x0000185c      0x184 common/libcommon.a(cmd_mem.o)
 .debug_frame   0x000019e0       0x30 common/libcommon.a(cmd_misc.o)
 .debug_frame   0x00001a10       0x88 common/libcommon.a(cmd_nand.o)
 .debug_frame   0x00001a98       0x90 common/libcommon.a(cmd_net.o)
 .debug_frame   0x00001b28      0x108 common/libcommon.a(cmd_nvedit.o)
 .debug_frame   0x00001c30       0x98 common/libcommon.a(command.o)
 .debug_frame   0x00001cc8      0x214 common/libcommon.a(console.o)
 .debug_frame   0x00001edc       0x5c common/libcommon.a(devices.o)
 .debug_frame   0x00001f38      0x13c common/libcommon.a(dlmalloc.o)
 .debug_frame   0x00002074       0x7c common/libcommon.a(env_common.o)
 .debug_frame   0x000020f0       0x88 common/libcommon.a(env_nand.o)
 .debug_frame   0x00002178       0x48 common/libcommon.a(exports.o)
 .debug_frame   0x000021c0       0x80 common/libcommon.a(flash.o)
 .debug_frame   0x00002240      0x134 common/libcommon.a(lists.o)
 .debug_frame   0x00002374       0x64 common/libcommon.a(s_record.o)
 .debug_frame   0x000023d8      0x128 common/libcommon.a(xyzModem.o)
 .debug_frame   0x00002500       0xc0 common/libcommon.a(partition.o)
 .debug_frame   0x000025c0       0x28 common/libcommon.a(crc16.o)
 .debug_frame   0x000025e8       0x40 lib_generic/libgeneric.a(crc32.o)
 .debug_frame   0x00002628       0x48 lib_generic/libgeneric.a(display_options.o)
 .debug_frame   0x00002670      0x1dc lib_generic/libgeneric.a(string.o)
 .debug_frame   0x0000284c       0xe4 lib_generic/libgeneric.a(vsprintf.o)
 .debug_frame   0x00002930      0x1f4 lib_generic/libgeneric.a(zlib.o)
 .debug_frame   0x00002b24       0x54 board/ray2410/libray2410.a(ray2410.o)
 .debug_frame   0x00002b78       0xb4 board/ray2410/libray2410.a(flash.o)
 .debug_frame   0x00002c2c      0x114 cpu/arm920t/libarm920t.a(cpu.o)
 .debug_frame   0x00002d40       0x88 cpu/arm920t/s3c24x0/libs3c24x0.a(serial.o)
 .debug_frame   0x00002dc8       0x50 cpu/arm920t/s3c24x0/libs3c24x0.a(nand_flash.o)
 .debug_frame   0x00002e18       0x38 lib_arm/libarm.a(armlinux.o)
 .debug_frame   0x00002e50       0x20 lib_arm/libarm.a(cache.o)
 .debug_frame   0x00002e70       0x6c rtc/librtc.a(date.o)
 .debug_frame   0x00002edc       0x94 rtc/librtc.a(s3c24x0_rtc.o)
 .debug_frame   0x00002f70       0xf4 drivers/nand/libnand.a(nand_util.o)

.debug_pubnames
                0x00000000     0x212f
 .debug_pubnames
                0x00000000       0x59 board/ray2410/boot_init.o
 .debug_pubnames
                0x00000059       0xdf cpu/arm920t/libarm920t.a(interrupts.o)
 .debug_pubnames
                0x00000138       0xd7 cpu/arm920t/s3c24x0/libs3c24x0.a(interrupts.o)
 .debug_pubnames
                0x0000020f       0x46 cpu/arm920t/s3c24x0/libs3c24x0.a(speed.o)
 .debug_pubnames
                0x00000255       0x71 lib_arm/libarm.a(board.o)
 .debug_pubnames
                0x000002c6       0x1d lib_arm/libarm.a(div0.o)
 .debug_pubnames
                0x000002e3      0x3f2 net/libnet.a(net.o)
 .debug_pubnames
                0x000006d5       0x20 net/libnet.a(tftp.o)
 .debug_pubnames
                0x000006f5       0x3c net/libnet.a(bootp.o)
 .debug_pubnames
                0x00000731       0x2e net/libnet.a(rarp.o)
 .debug_pubnames
                0x0000075f       0x25 net/libnet.a(eth.o)
 .debug_pubnames
                0x00000784       0x1f net/libnet.a(nfs.o)
 .debug_pubnames
                0x000007a3       0x8b drivers/libdrivers.a(cs8900.o)
 .debug_pubnames
                0x0000082e       0x43 drivers/nand/libnand.a(nand.o)
 .debug_pubnames
                0x00000871       0x57 drivers/nand/libnand.a(nand_base.o)
 .debug_pubnames
                0x000008c8       0x38 drivers/nand/libnand.a(nand_ids.o)
 .debug_pubnames
                0x00000900       0x3f drivers/nand/libnand.a(nand_ecc.o)
 .debug_pubnames
                0x0000093f       0x60 drivers/nand/libnand.a(nand_bbt.o)
 .debug_pubnames
                0x0000099f       0x5b common/libcommon.a(main.o)
 .debug_pubnames
                0x000009fa       0x4c common/libcommon.a(cmd_autoscript.o)
 .debug_pubnames
                0x00000a46       0x38 common/libcommon.a(cmd_bdinfo.o)
 .debug_pubnames
                0x00000a7e       0x47 common/libcommon.a(cmd_boot.o)
 .debug_pubnames
                0x00000ac5       0xe4 common/libcommon.a(cmd_bootm.o)
 .debug_pubnames
                0x00000ba9       0x5e common/libcommon.a(cmd_cache.o)
 .debug_pubnames
                0x00000c07       0x3a common/libcommon.a(cmd_console.o)
 .debug_pubnames
                0x00000c41       0x4d common/libcommon.a(cmd_date.o)
 .debug_pubnames
                0x00000c8e       0x87 common/libcommon.a(cmd_elf.o)
 .debug_pubnames
                0x00000d15       0xb2 common/libcommon.a(cmd_flash.o)
 .debug_pubnames
                0x00000dc7       0x53 common/libcommon.a(cmd_itest.o)
 .debug_pubnames
                0x00000e1a      0x1c9 common/libcommon.a(cmd_load.o)
 .debug_pubnames
                0x00000fe3      0x1e7 common/libcommon.a(cmd_mem.o)
 .debug_pubnames
                0x000011ca       0x36 common/libcommon.a(cmd_misc.o)
 .debug_pubnames
                0x00001200       0x5b common/libcommon.a(cmd_nand.o)
 .debug_pubnames
                0x0000125b       0xc6 common/libcommon.a(cmd_net.o)
 .debug_pubnames
                0x00001321       0xd1 common/libcommon.a(cmd_nvedit.o)
 .debug_pubnames
                0x000013f2       0xaa common/libcommon.a(command.o)
 .debug_pubnames
                0x0000149c      0x10e common/libcommon.a(console.o)
 .debug_pubnames
                0x000015aa       0x76 common/libcommon.a(devices.o)
 .debug_pubnames
                0x00001620       0xb3 common/libcommon.a(dlmalloc.o)
 .debug_pubnames
                0x000016d3       0xa5 common/libcommon.a(env_common.o)
 .debug_pubnames
                0x00001778       0x75 common/libcommon.a(env_nand.o)
 .debug_pubnames
                0x000017ed       0x35 common/libcommon.a(exports.o)
 .debug_pubnames
                0x00001822       0x53 common/libcommon.a(flash.o)
 .debug_pubnames
                0x00001875      0x116 common/libcommon.a(lists.o)
 .debug_pubnames
                0x0000198b       0x22 common/libcommon.a(s_record.o)
 .debug_pubnames
                0x000019ad       0xd5 common/libcommon.a(xyzModem.o)
 .debug_pubnames
                0x00001a82       0xa9 common/libcommon.a(partition.o)
 .debug_pubnames
                0x00001b2b       0x20 common/libcommon.a(crc16.o)
 .debug_pubnames
                0x00001b4b       0x2e lib_generic/libgeneric.a(crc32.o)
 .debug_pubnames
                0x00001b79       0x35 lib_generic/libgeneric.a(display_options.o)
 .debug_pubnames
                0x00001bae      0x130 lib_generic/libgeneric.a(string.o)
 .debug_pubnames
                0x00001cde       0x5a lib_generic/libgeneric.a(vsprintf.o)
 .debug_pubnames
                0x00001d38       0xab lib_generic/libgeneric.a(zlib.o)
 .debug_pubnames
                0x00001de3       0x1d lib_generic/libgeneric.a(ctype.o)
 .debug_pubnames
                0x00001e00       0x43 board/ray2410/libray2410.a(ray2410.o)
 .debug_pubnames
                0x00001e43       0x64 board/ray2410/libray2410.a(flash.o)
 .debug_pubnames
                0x00001ea7       0xb3 cpu/arm920t/libarm920t.a(cpu.o)
 .debug_pubnames
                0x00001f5a       0x74 cpu/arm920t/s3c24x0/libs3c24x0.a(serial.o)
 .debug_pubnames
                0x00001fce       0x26 cpu/arm920t/s3c24x0/libs3c24x0.a(nand_flash.o)
 .debug_pubnames
                0x00001ff4       0x25 lib_arm/libarm.a(armlinux.o)
 .debug_pubnames
                0x00002019       0x22 lib_arm/libarm.a(cache.o)
 .debug_pubnames
                0x0000203b       0x38 rtc/librtc.a(date.o)
 .debug_pubnames
                0x00002073       0x38 rtc/librtc.a(s3c24x0_rtc.o)
 .debug_pubnames
                0x000020ab       0x84 drivers/nand/libnand.a(nand_util.o)

.debug_str      0x00000000     0x4b84
 .debug_str     0x00000000      0x320 board/ray2410/boot_init.o
                                0x3bb (size before relaxing)
 .debug_str     0x00000320      0x109 cpu/arm920t/libarm920t.a(interrupts.o)
                                0x1a9 (size before relaxing)
 .debug_str     0x00000429      0x1b9 cpu/arm920t/s3c24x0/libs3c24x0.a(interrupts.o)
                                0x27b (size before relaxing)
 .debug_str     0x000005e2       0xa1 cpu/arm920t/s3c24x0/libs3c24x0.a(speed.o)
                                0x188 (size before relaxing)
 .debug_str     0x00000683      0x237 lib_arm/libarm.a(board.o)
                                0x2fe (size before relaxing)
 .debug_str     0x000008ba        0xe lib_arm/libarm.a(div0.o)
                                 0x58 (size before relaxing)
 .debug_str     0x000008c8      0x5fd net/libnet.a(net.o)
                                0x7c6 (size before relaxing)
 .debug_str     0x00000ec5       0xec net/libnet.a(tftp.o)
                                0x285 (size before relaxing)
 .debug_str     0x00000fb1      0x176 net/libnet.a(bootp.o)
                                0x383 (size before relaxing)
 .debug_str     0x00001127       0x4c net/libnet.a(rarp.o)
                                0x1a1 (size before relaxing)
 .debug_str     0x00001173       0x15 net/libnet.a(eth.o)
                                0x15b (size before relaxing)
 .debug_str     0x00001188      0x263 net/libnet.a(nfs.o)
                                0x46a (size before relaxing)
 .debug_str     0x000013eb      0x10b drivers/libdrivers.a(cs8900.o)
                                0x25a (size before relaxing)
 .debug_str     0x000014f6      0x353 drivers/nand/libnand.a(nand.o)
                                0x5a4 (size before relaxing)
 .debug_str     0x00001849      0x49f drivers/nand/libnand.a(nand_base.o)
                                0xa13 (size before relaxing)
 .debug_str     0x00001ce8        0xb drivers/nand/libnand.a(nand_ids.o)
                                0x147 (size before relaxing)
 .debug_str     0x00001cf3       0x7b drivers/nand/libnand.a(nand_ecc.o)
                                0x385 (size before relaxing)
 .debug_str     0x00001d6e      0x238 drivers/nand/libnand.a(nand_bbt.o)
                                0x7b3 (size before relaxing)
 .debug_str     0x00001fa6      0x17f common/libcommon.a(main.o)
                                0x246 (size before relaxing)
 .debug_str     0x00002125       0xbc common/libcommon.a(cmd_autoscript.o)
                                0x22d (size before relaxing)
 .debug_str     0x000021e1       0x35 common/libcommon.a(cmd_bdinfo.o)
                                0x222 (size before relaxing)
 .debug_str     0x00002216       0x34 common/libcommon.a(cmd_boot.o)
                                0x15e (size before relaxing)
 .debug_str     0x0000224a      0x2b0 common/libcommon.a(cmd_bootm.o)
                                0x5c2 (size before relaxing)
 .debug_str     0x000024fa       0x4f common/libcommon.a(cmd_cache.o)
                                0x168 (size before relaxing)
 .debug_str     0x00002549       0xc5 common/libcommon.a(cmd_console.o)
                                0x1fd (size before relaxing)
 .debug_str     0x0000260e       0x52 common/libcommon.a(cmd_date.o)
                                0x293 (size before relaxing)
 .debug_str     0x00002660      0x1b4 common/libcommon.a(cmd_elf.o)
                                0x30b (size before relaxing)
 .debug_str     0x00002814      0x14d common/libcommon.a(cmd_flash.o)
                                0x2db (size before relaxing)
 .debug_str     0x00002961       0x80 common/libcommon.a(cmd_itest.o)
                                0x1b9 (size before relaxing)
 .debug_str     0x000029e1      0x317 common/libcommon.a(cmd_load.o)
                                0x59a (size before relaxing)
 .debug_str     0x00002cf8      0x208 common/libcommon.a(cmd_mem.o)
                                0x392 (size before relaxing)
 .debug_str     0x00002f00       0x27 common/libcommon.a(cmd_misc.o)
                                0x152 (size before relaxing)
 .debug_str     0x00002f27      0x156 common/libcommon.a(cmd_nand.o)
                                0x801 (size before relaxing)
 .debug_str     0x0000307d       0xb8 common/libcommon.a(cmd_net.o)
                                0x2b8 (size before relaxing)
 .debug_str     0x00003135       0xdc common/libcommon.a(cmd_nvedit.o)
                                0x31c (size before relaxing)
 .debug_str     0x00003211       0xd1 common/libcommon.a(command.o)
                                0x207 (size before relaxing)
 .debug_str     0x000032e2       0xee common/libcommon.a(console.o)
                                0x38a (size before relaxing)
 .debug_str     0x000033d0       0x44 common/libcommon.a(devices.o)
                                0x294 (size before relaxing)
 .debug_str     0x00003414      0x2a3 common/libcommon.a(dlmalloc.o)
                                0x4af (size before relaxing)
 .debug_str     0x000036b7       0x97 common/libcommon.a(env_common.o)
                                0x250 (size before relaxing)
 .debug_str     0x0000374e       0x44 common/libcommon.a(env_nand.o)
                                0x4a5 (size before relaxing)
 .debug_str     0x00003792       0x25 common/libcommon.a(exports.o)
                                0x1c6 (size before relaxing)
 .debug_str     0x000037b7       0x46 common/libcommon.a(flash.o)
                                0x196 (size before relaxing)
 .debug_str     0x000037fd      0x1dc common/libcommon.a(lists.o)
                                0x321 (size before relaxing)
 .debug_str     0x000039d9       0x3a common/libcommon.a(s_record.o)
                                0x123 (size before relaxing)
 .debug_str     0x00003a13      0x1b6 common/libcommon.a(xyzModem.o)
                                0x2e4 (size before relaxing)
 .debug_str     0x00003bc9      0x13c common/libcommon.a(partition.o)
                                0x508 (size before relaxing)
 .debug_str     0x00003d05       0x1c common/libcommon.a(crc16.o)
                                 0xfe (size before relaxing)
 .debug_str     0x00003d21       0x64 lib_generic/libgeneric.a(crc32.o)
                                0x115 (size before relaxing)
 .debug_str     0x00003d85       0x2d lib_generic/libgeneric.a(display_options.o)
                                0x119 (size before relaxing)
 .debug_str     0x00003db2       0xd0 lib_generic/libgeneric.a(string.o)
                                0x1e1 (size before relaxing)
 .debug_str     0x00003e82       0x79 lib_generic/libgeneric.a(vsprintf.o)
                                0x1af (size before relaxing)
 .debug_str     0x00003efb      0x3b8 lib_generic/libgeneric.a(zlib.o)
                                0x5c1 (size before relaxing)
 .debug_str     0x000042b3        0x8 lib_generic/libgeneric.a(ctype.o)
                                 0x73 (size before relaxing)
 .debug_str     0x000042bb       0x3a board/ray2410/libray2410.a(ray2410.o)
                                0x423 (size before relaxing)
 .debug_str     0x000042f5       0x5d board/ray2410/libray2410.a(flash.o)
                                0x1de (size before relaxing)
 .debug_str     0x00004352       0xa5 cpu/arm920t/libarm920t.a(cpu.o)
                                0x1cf (size before relaxing)
 .debug_str     0x000043f7       0xfb cpu/arm920t/s3c24x0/libs3c24x0.a(serial.o)
                                0x2ad (size before relaxing)
 .debug_str     0x000044f2       0x73 cpu/arm920t/s3c24x0/libs3c24x0.a(nand_flash.o)
                                0x6d2 (size before relaxing)
 .debug_str     0x00004565      0x24b lib_arm/libarm.a(armlinux.o)
                                0x55e (size before relaxing)
 .debug_str     0x000047b0       0x1a lib_arm/libarm.a(cache.o)
                                 0xf0 (size before relaxing)
 .debug_str     0x000047ca       0x7b rtc/librtc.a(date.o)
                                0x170 (size before relaxing)
 .debug_str     0x00004845      0x16d rtc/librtc.a(s3c24x0_rtc.o)
                                0x2c8 (size before relaxing)
 .debug_str     0x000049b2      0x1d2 drivers/nand/libnand.a(nand_util.o)
                                0x847 (size before relaxing)

.comment        0x00000000      0x4a4
 .comment       0x00000000       0x12 board/ray2410/boot_init.o
 .comment       0x00000012       0x12 cpu/arm920t/libarm920t.a(interrupts.o)
 .comment       0x00000024       0x12 cpu/arm920t/s3c24x0/libs3c24x0.a(interrupts.o)
 .comment       0x00000036       0x12 cpu/arm920t/s3c24x0/libs3c24x0.a(speed.o)
 .comment       0x00000048       0x12 lib_arm/libarm.a(board.o)
 .comment       0x0000005a       0x12 lib_arm/libarm.a(div0.o)
 .comment       0x0000006c       0x12 net/libnet.a(net.o)
 .comment       0x0000007e       0x12 net/libnet.a(tftp.o)
 .comment       0x00000090       0x12 net/libnet.a(bootp.o)
 .comment       0x000000a2       0x12 net/libnet.a(rarp.o)
 .comment       0x000000b4       0x12 net/libnet.a(eth.o)
 .comment       0x000000c6       0x12 net/libnet.a(nfs.o)
 .comment       0x000000d8       0x12 drivers/libdrivers.a(cs8900.o)
 .comment       0x000000ea       0x12 drivers/nand/libnand.a(nand.o)
 .comment       0x000000fc       0x12 drivers/nand/libnand.a(nand_base.o)
 .comment       0x0000010e       0x12 drivers/nand/libnand.a(nand_ids.o)
 .comment       0x00000120       0x12 drivers/nand/libnand.a(nand_ecc.o)
 .comment       0x00000132       0x12 drivers/nand/libnand.a(nand_bbt.o)
 .comment       0x00000144       0x12 common/libcommon.a(main.o)
 .comment       0x00000156       0x12 common/libcommon.a(cmd_autoscript.o)
 .comment       0x00000168       0x12 common/libcommon.a(cmd_bdinfo.o)
 .comment       0x0000017a       0x12 common/libcommon.a(cmd_boot.o)
 .comment       0x0000018c       0x12 common/libcommon.a(cmd_bootm.o)
 .comment       0x0000019e       0x12 common/libcommon.a(cmd_cache.o)
 .comment       0x000001b0       0x12 common/libcommon.a(cmd_console.o)
 .comment       0x000001c2       0x12 common/libcommon.a(cmd_date.o)
 .comment       0x000001d4       0x12 common/libcommon.a(cmd_elf.o)
 .comment       0x000001e6       0x12 common/libcommon.a(cmd_flash.o)
 .comment       0x000001f8       0x12 common/libcommon.a(cmd_itest.o)
 .comment       0x0000020a       0x12 common/libcommon.a(cmd_load.o)
 .comment       0x0000021c       0x12 common/libcommon.a(cmd_mem.o)
 .comment       0x0000022e       0x12 common/libcommon.a(cmd_misc.o)
 .comment       0x00000240       0x12 common/libcommon.a(cmd_nand.o)
 .comment       0x00000252       0x12 common/libcommon.a(cmd_net.o)
 .comment       0x00000264       0x12 common/libcommon.a(cmd_nvedit.o)
 .comment       0x00000276       0x12 common/libcommon.a(command.o)
 .comment       0x00000288       0x12 common/libcommon.a(console.o)
 .comment       0x0000029a       0x12 common/libcommon.a(devices.o)
 .comment       0x000002ac       0x12 common/libcommon.a(dlmalloc.o)
 .comment       0x000002be       0x12 common/libcommon.a(env_common.o)
 .comment       0x000002d0       0x12 common/libcommon.a(env_nand.o)
 .comment       0x000002e2       0x12 common/libcommon.a(exports.o)
 .comment       0x000002f4       0x12 common/libcommon.a(flash.o)
 .comment       0x00000306       0x12 common/libcommon.a(lists.o)
 .comment       0x00000318       0x12 common/libcommon.a(s_record.o)
 .comment       0x0000032a       0x12 common/libcommon.a(xyzModem.o)
 .comment       0x0000033c       0x12 common/libcommon.a(partition.o)
 .comment       0x0000034e       0x12 common/libcommon.a(crc16.o)
 .comment       0x00000360       0x12 lib_generic/libgeneric.a(crc32.o)
 .comment       0x00000372       0x12 lib_generic/libgeneric.a(display_options.o)
 .comment       0x00000384       0x12 lib_generic/libgeneric.a(string.o)
 .comment       0x00000396       0x12 lib_generic/libgeneric.a(vsprintf.o)
 .comment       0x000003a8       0x12 lib_generic/libgeneric.a(zlib.o)
 .comment       0x000003ba       0x12 lib_generic/libgeneric.a(ctype.o)
 .comment       0x000003cc       0x12 board/ray2410/libray2410.a(ray2410.o)
 .comment       0x000003de       0x12 board/ray2410/libray2410.a(flash.o)
 .comment       0x000003f0       0x12 cpu/arm920t/libarm920t.a(cpu.o)
 .comment       0x00000402       0x12 cpu/arm920t/s3c24x0/libs3c24x0.a(serial.o)
 .comment       0x00000414       0x12 cpu/arm920t/s3c24x0/libs3c24x0.a(nand_flash.o)
 .comment       0x00000426       0x12 lib_arm/libarm.a(armlinux.o)
 .comment       0x00000438       0x12 lib_arm/libarm.a(cache.o)
 .comment       0x0000044a       0x12 rtc/librtc.a(date.o)
 .comment       0x0000045c       0x12 rtc/librtc.a(s3c24x0_rtc.o)
 .comment       0x0000046e       0x12 drivers/nand/libnand.a(nand_util.o)
 .comment       0x00000480       0x12 /opt/arm/bin/../lib/gcc/arm-linux/3.4.5/libgcc.a(_udivdi3.oS)
 .comment       0x00000492       0x12 /opt/arm/bin/../lib/gcc/arm-linux/3.4.5/libgcc.a(_clz.oS)

.debug_ranges   0x00000000      0x7b0
 .debug_ranges  0x00000000       0x38 cpu/arm920t/s3c24x0/libs3c24x0.a(interrupts.o)
 .debug_ranges  0x00000038       0x18 lib_arm/libarm.a(board.o)
 .debug_ranges  0x00000050       0xa0 net/libnet.a(net.o)
 .debug_ranges  0x000000f0       0x20 net/libnet.a(tftp.o)
 .debug_ranges  0x00000110       0x30 net/libnet.a(bootp.o)
 .debug_ranges  0x00000140       0x40 net/libnet.a(nfs.o)
 .debug_ranges  0x00000180       0x20 drivers/libdrivers.a(cs8900.o)
 .debug_ranges  0x000001a0       0xb0 drivers/nand/libnand.a(nand_base.o)
 .debug_ranges  0x00000250       0x68 drivers/nand/libnand.a(nand_bbt.o)
 .debug_ranges  0x000002b8       0x50 common/libcommon.a(main.o)
 .debug_ranges  0x00000308       0x18 common/libcommon.a(cmd_autoscript.o)
 .debug_ranges  0x00000320       0x18 common/libcommon.a(cmd_flash.o)
 .debug_ranges  0x00000338       0x18 common/libcommon.a(cmd_itest.o)
 .debug_ranges  0x00000350       0x30 common/libcommon.a(cmd_load.o)
 .debug_ranges  0x00000380       0x30 common/libcommon.a(cmd_mem.o)
 .debug_ranges  0x000003b0       0x58 common/libcommon.a(cmd_nand.o)
 .debug_ranges  0x00000408       0x18 common/libcommon.a(cmd_nvedit.o)
 .debug_ranges  0x00000420       0x38 common/libcommon.a(command.o)
 .debug_ranges  0x00000458       0x38 common/libcommon.a(console.o)
 .debug_ranges  0x00000490       0x18 common/libcommon.a(devices.o)
 .debug_ranges  0x000004a8       0x50 common/libcommon.a(dlmalloc.o)
 .debug_ranges  0x000004f8       0x18 common/libcommon.a(env_nand.o)
 .debug_ranges  0x00000510       0x50 common/libcommon.a(flash.o)
 .debug_ranges  0x00000560       0x18 common/libcommon.a(xyzModem.o)
 .debug_ranges  0x00000578       0x18 lib_generic/libgeneric.a(vsprintf.o)
 .debug_ranges  0x00000590      0x108 lib_generic/libgeneric.a(zlib.o)
 .debug_ranges  0x00000698       0x48 board/ray2410/libray2410.a(flash.o)
 .debug_ranges  0x000006e0       0x18 cpu/arm920t/s3c24x0/libs3c24x0.a(nand_flash.o)
 .debug_ranges  0x000006f8       0x38 rtc/librtc.a(s3c24x0_rtc.o)
 .debug_ranges  0x00000730       0x80 drivers/nand/libnand.a(nand_util.o)
